../Core/Inc/bno055_stm32.h:23:6:bno055_assignI2C	16	static
../Core/Inc/bno055_stm32.h:27:6:bno055_delay	16	static
../Core/Inc/bno055_stm32.h:35:6:bno055_writeData	40	static
../Core/Inc/bno055_stm32.h:99:6:bno055_readData	32	static
../Core/Src/main.c:211:5:main	72	static
../Core/Src/main.c:519:6:SystemClock_Config	120	static
../Core/Src/main.c:570:13:MX_I2C1_Init	8	static
../Core/Src/main.c:618:13:MX_TIM1_Init	96	static
../Core/Src/main.c:688:13:MX_TIM2_Init	40	static
../Core/Src/main.c:740:13:MX_TIM3_Init	48	static
../Core/Src/main.c:789:13:MX_TIM4_Init	56	static
../Core/Src/main.c:838:13:MX_TIM5_Init	40	static
../Core/Src/main.c:890:13:MX_TIM6_Init	24	static
../Core/Src/main.c:928:13:MX_USART3_UART_Init	8	static
../Core/Src/main.c:976:13:MX_GPIO_Init	56	static
../Core/Src/main.c:1037:6:HAL_TIM_PeriodElapsedCallback	16	static
../Core/Src/main.c:1067:5:_write	24	static
../Core/Src/main.c:1073:6:HAL_GPIO_EXTI_Callback	16	static
../Core/Src/main.c:1083:6:HAL_TIM_IC_CaptureCallback	24	static
../Core/Src/main.c:1168:6:Error_Handler	4	static,ignoring_inline_asm
