../Core/Inc/bno055_stm32.h:23:6:bno055_assignI2C	1
../Core/Inc/bno055_stm32.h:27:6:bno055_delay	1
../Core/Inc/bno055_stm32.h:35:6:bno055_writeData	21
../Core/Inc/bno055_stm32.h:99:6:bno055_readData	5
../Core/Src/main.c:210:5:main	16
../Core/Src/main.c:518:6:SystemClock_Config	4
../Core/Src/main.c:569:13:MX_I2C1_Init	4
../Core/Src/main.c:617:13:MX_TIM1_Init	5
../Core/Src/main.c:687:13:MX_TIM2_Init	5
../Core/Src/main.c:739:13:MX_TIM3_Init	4
../Core/Src/main.c:788:13:MX_TIM4_Init	3
../Core/Src/main.c:837:13:MX_TIM5_Init	5
../Core/Src/main.c:889:13:MX_TIM6_Init	3
../Core/Src/main.c:927:13:MX_USART3_UART_Init	5
../Core/Src/main.c:975:13:MX_GPIO_Init	1
../Core/Src/main.c:1036:6:HAL_TIM_PeriodElapsedCallback	4
../Core/Src/main.c:1066:5:_write	1
../Core/Src/main.c:1072:6:HAL_GPIO_EXTI_Callback	3
../Core/Src/main.c:1082:6:HAL_TIM_IC_CaptureCallback	9
../Core/Src/main.c:1167:6:Error_Handler	1
