../Core/Inc/bno055_stm32.h:23:6:bno055_assignI2C	1
../Core/Inc/bno055_stm32.h:27:6:bno055_delay	1
../Core/Inc/bno055_stm32.h:35:6:bno055_writeData	21
../Core/Inc/bno055_stm32.h:99:6:bno055_readData	5
../Core/Src/main.c:154:5:main	7
../Core/Src/main.c:449:6:SystemClock_Config	4
../Core/Src/main.c:500:13:MX_I2C1_Init	4
../Core/Src/main.c:548:13:MX_TIM1_Init	5
../Core/Src/main.c:618:13:MX_TIM2_Init	5
../Core/Src/main.c:670:13:MX_TIM3_Init	4
../Core/Src/main.c:719:13:MX_TIM4_Init	3
../Core/Src/main.c:768:13:MX_TIM5_Init	5
../Core/Src/main.c:820:13:MX_TIM6_Init	3
../Core/Src/main.c:858:13:MX_USART3_UART_Init	5
../Core/Src/main.c:906:13:MX_GPIO_Init	1
../Core/Src/main.c:966:6:HAL_TIM_PeriodElapsedCallback	4
../Core/Src/main.c:996:5:_write	1
../Core/Src/main.c:1002:6:HAL_GPIO_EXTI_Callback	3
../Core/Src/main.c:1012:6:HAL_TIM_IC_CaptureCallback	6
../Core/Src/main.c:1048:6:Error_Handler	1
