This is pdfTeX, Version 3.141592653-2.6-1.40.27 (TeX Live 2025) (preloaded format=pdflatex 2025.9.26)  26 JUL 2026 02:31
entering extended mode
 restricted \write18 enabled.
 file:line:error style messages enabled.
 %&-line parsing enabled.
**"/Users/sara/Desktop/3-ANNO/Lab Auto/STM32_MULETTO/TesinaLab/main.tex"
(/Users/sara/Desktop/3-ANNO/Lab Auto/STM32_MULETTO/TesinaLab/main.tex
LaTeX2e <2024-11-01> patch level 2
L3 programming layer <2025-01-18>
(/usr/local/texlive/2025/texmf-dist/tex/latex/base/report.cls
Document Class: report 2024/06/29 v1.4n Standard LaTeX document class
(/usr/local/texlive/2025/texmf-dist/tex/latex/base/size11.clo
File: size11.clo 2024/06/29 v1.4n Standard LaTeX file (size option)
)
\c@part=\count196
\c@chapter=\count197
\c@section=\count198
\c@subsection=\count199
\c@subsubsection=\count266
\c@paragraph=\count267
\c@subparagraph=\count268
\c@figure=\count269
\c@table=\count270
\abovecaptionskip=\skip49
\belowcaptionskip=\skip50
\bibindent=\dimen141
) (/usr/local/texlive/2025/texmf-dist/tex/latex/titlesec/titlesec.sty
Package: titlesec 2025/01/04 v2.17 Sectioning titles
\ttl@box=\box52
\beforetitleunit=\skip51
\aftertitleunit=\skip52
\ttl@plus=\dimen142
\ttl@minus=\dimen143
\ttl@toksa=\toks17
\titlewidth=\dimen144
\titlewidthlast=\dimen145
\titlewidthfirst=\dimen146
) (/usr/local/texlive/2025/texmf-dist/tex/latex/geometry/geometry.sty
Package: geometry 2020/01/02 v5.9 Page Geometry
 (/usr/local/texlive/2025/texmf-dist/tex/latex/graphics/keyval.sty
Package: keyval 2022/05/29 v1.15 key=value parser (DPC)
\KV@toks@=\toks18
) (/usr/local/texlive/2025/texmf-dist/tex/generic/iftex/ifvtex.sty
Package: ifvtex 2019/10/25 v1.7 ifvtex legacy package. Use iftex instead.
 (/usr/local/texlive/2025/texmf-dist/tex/generic/iftex/iftex.sty
Package: iftex 2024/12/12 v1.0g TeX engine tests
))
\Gm@cnth=\count271
\Gm@cntv=\count272
\c@Gm@tempcnt=\count273
\Gm@bindingoffset=\dimen147
\Gm@wd@mp=\dimen148
\Gm@odd@mp=\dimen149
\Gm@even@mp=\dimen150
\Gm@layoutwidth=\dimen151
\Gm@layoutheight=\dimen152
\Gm@layouthoffset=\dimen153
\Gm@layoutvoffset=\dimen154
\Gm@dimlist=\toks19
) (/usr/local/texlive/2025/texmf-dist/tex/latex/appendix/appendix.sty
Package: appendix 2020/02/08 v1.2c extra appendix facilities
\c@@pps=\count274
\c@@ppsavesec=\count275
\c@@ppsaveapp=\count276
) (/usr/local/texlive/2025/texmf-dist/tex/latex/graphics/graphicx.sty
Package: graphicx 2021/09/16 v1.2d Enhanced LaTeX Graphics (DPC,SPQR)
 (/usr/local/texlive/2025/texmf-dist/tex/latex/graphics/graphics.sty
Package: graphics 2024/08/06 v1.4g Standard LaTeX Graphics (DPC,SPQR)
 (/usr/local/texlive/2025/texmf-dist/tex/latex/graphics/trig.sty
Package: trig 2023/12/02 v1.11 sin cos tan (DPC)
) (/usr/local/texlive/2025/texmf-dist/tex/latex/graphics-cfg/graphics.cfg
File: graphics.cfg 2016/06/04 v1.11 sample graphics configuration
)
Package graphics Info: Driver file: pdftex.def on input line 106.
 (/usr/local/texlive/2025/texmf-dist/tex/latex/graphics-def/pdftex.def
File: pdftex.def 2024/04/13 v1.2c Graphics/color driver for pdftex
))
\Gin@req@height=\dimen155
\Gin@req@width=\dimen156
) (/usr/local/texlive/2025/texmf-dist/tex/latex/lipsum/lipsum.sty (/usr/local/texlive/2025/texmf-dist/tex/latex/l3packages/l3keys2e/l3keys2e.sty (/usr/local/texlive/2025/texmf-dist/tex/latex/l3kernel/expl3.sty
Package: expl3 2025-01-18 L3 programming layer (loader) 
 (/usr/local/texlive/2025/texmf-dist/tex/latex/l3backend/l3backend-pdftex.def
File: l3backend-pdftex.def 2024-05-08 L3 backend support: PDF output (pdfTeX)
\l__color_backend_stack_int=\count277
\l__pdf_internal_box=\box53
))
Package: l3keys2e 2024-08-16 LaTeX2e option processing using LaTeX3 keys
)
Package: lipsum 2021-09-20 v2.7 150 paragraphs of Lorem Ipsum dummy text
\g__lipsum_par_int=\count278
\l__lipsum_a_int=\count279
\l__lipsum_b_int=\count280
 (/usr/local/texlive/2025/texmf-dist/tex/latex/lipsum/lipsum.ltd.tex)) (/usr/local/texlive/2025/texmf-dist/tex/latex/caption/caption.sty
Package: caption 2023/08/05 v3.6o Customizing captions (AR)
 (/usr/local/texlive/2025/texmf-dist/tex/latex/caption/caption3.sty
Package: caption3 2023/07/31 v2.4d caption3 kernel (AR)
\caption@tempdima=\dimen157
\captionmargin=\dimen158
\caption@leftmargin=\dimen159
\caption@rightmargin=\dimen160
\caption@width=\dimen161
\caption@indent=\dimen162
\caption@parindent=\dimen163
\caption@hangindent=\dimen164
Package caption Info: Standard document class detected.
)
\c@caption@flags=\count281
\c@continuedfloat=\count282
) (/usr/local/texlive/2025/texmf-dist/tex/latex/base/inputenc.sty
Package: inputenc 2024/02/08 v1.3d Input encoding file
\inpenc@prehook=\toks20
\inpenc@posthook=\toks21
) (/usr/local/texlive/2025/texmf-dist/tex/generic/babel/babel.sty
Package: babel 2025/02/14 v25.4 The multilingual framework for pdfLaTeX, LuaLaTeX and XeLaTeX
\babel@savecnt=\count283
\U@D=\dimen165
\l@unhyphenated=\language90
 (/usr/local/texlive/2025/texmf-dist/tex/generic/babel/txtbabel.def)
\bbl@readstream=\read2
\bbl@dirlevel=\count284
 (/usr/local/texlive/2025/texmf-dist/tex/generic/babel-italian/italian.ldf
Language: italian 2024/10/10 v.1.5.01 Italian support for the babel system
\it@lettering=\count285
\it@doublequoteactive=\count286
\it@ISOcompliance=\count287
)) (/usr/local/texlive/2025/texmf-dist/tex/generic/babel/locale/it/babel-italian.tex
Package babel Info: Importing font and identification data for italian
(babel)             from babel-it.ini. Reported on input line 11.
) (/usr/local/texlive/2025/texmf-dist/tex/latex/etoolbox/etoolbox.sty
Package: etoolbox 2025/02/11 v2.5l e-TeX tools for LaTeX (JAW)
\etb@tempcnta=\count288
) (/usr/local/texlive/2025/texmf-dist/tex/latex/tools/verbatim.sty
Package: verbatim 2024-01-22 v1.5x LaTeX2e package for verbatim enhancements
\every@verbatim=\toks22
\verbatim@line=\toks23
\verbatim@in@stream=\read3
) (/usr/local/texlive/2025/texmf-dist/tex/generic/colorprofiles/colorprofiles.sty
Package: colorprofiles 2018/11/01 v1.0.1 color profiles for PDF/X and PDF/A support
 (/usr/local/texlive/2025/texmf-dist/tex/generic/colorprofiles/colorprofiles.tex)) (/usr/local/texlive/2025/texmf-dist/tex/latex/listings/listings.sty
\lst@mode=\count289
\lst@gtempboxa=\box54
\lst@token=\toks24
\lst@length=\count290
\lst@currlwidth=\dimen166
\lst@column=\count291
\lst@pos=\count292
\lst@lostspace=\dimen167
\lst@width=\dimen168
\lst@newlines=\count293
\lst@lineno=\count294
\lst@maxwidth=\dimen169
 (/usr/local/texlive/2025/texmf-dist/tex/latex/listings/lstpatch.sty
File: lstpatch.sty 2024/09/23 1.10c (Carsten Heinz)
) (/usr/local/texlive/2025/texmf-dist/tex/latex/listings/lstmisc.sty
File: lstmisc.sty 2024/09/23 1.10c (Carsten Heinz)
\c@lstnumber=\count295
\lst@skipnumbers=\count296
\lst@framebox=\box55
) (/usr/local/texlive/2025/texmf-dist/tex/latex/listings/listings.cfg
File: listings.cfg 2024/09/23 1.10c listings configuration
))
Package: listings 2024/09/23 1.10c (Carsten Heinz)
 (/usr/local/texlive/2025/texmf-dist/tex/latex/float/float.sty
Package: float 2001/11/08 v1.3d Float enhancements (AL)
\c@float@type=\count297
\float@exts=\toks25
\float@box=\box56
\@float@everytoks=\toks26
\@floatcapt=\box57
) (/usr/local/texlive/2025/texmf-dist/tex/latex/caption/subcaption.sty
Package: subcaption 2023/07/28 v1.6b Sub-captions (AR)
Package caption Info: New subtype `subfigure' on input line 238.
\c@subfigure=\count298
Package caption Info: New subtype `subtable' on input line 238.
\c@subtable=\count299
) (/usr/local/texlive/2025/texmf-dist/tex/latex/amsmath/amsmath.sty
Package: amsmath 2024/11/05 v2.17t AMS math features
\@mathmargin=\skip53

For additional information on amsmath, use the `?' option.
(/usr/local/texlive/2025/texmf-dist/tex/latex/amsmath/amstext.sty
Package: amstext 2021/08/26 v2.01 AMS text
 (/usr/local/texlive/2025/texmf-dist/tex/latex/amsmath/amsgen.sty
File: amsgen.sty 1999/11/30 v2.0 generic functions
\@emptytoks=\toks27
\ex@=\dimen170
)) (/usr/local/texlive/2025/texmf-dist/tex/latex/amsmath/amsbsy.sty
Package: amsbsy 1999/11/29 v1.2d Bold Symbols
\pmbraise@=\dimen171
) (/usr/local/texlive/2025/texmf-dist/tex/latex/amsmath/amsopn.sty
Package: amsopn 2022/04/08 v2.04 operator names
)
\inf@bad=\count300
LaTeX Info: Redefining \frac on input line 233.
\uproot@=\count301
\leftroot@=\count302
LaTeX Info: Redefining \overline on input line 398.
LaTeX Info: Redefining \colon on input line 409.
\classnum@=\count303
\DOTSCASE@=\count304
LaTeX Info: Redefining \ldots on input line 495.
LaTeX Info: Redefining \dots on input line 498.
LaTeX Info: Redefining \cdots on input line 619.
\Mathstrutbox@=\box58
\strutbox@=\box59
LaTeX Info: Redefining \big on input line 721.
LaTeX Info: Redefining \Big on input line 722.
LaTeX Info: Redefining \bigg on input line 723.
LaTeX Info: Redefining \Bigg on input line 724.
\big@size=\dimen172
LaTeX Font Info:    Redeclaring font encoding OML on input line 742.
LaTeX Font Info:    Redeclaring font encoding OMS on input line 743.
\macc@depth=\count305
LaTeX Info: Redefining \bmod on input line 904.
LaTeX Info: Redefining \pmod on input line 909.
LaTeX Info: Redefining \smash on input line 939.
LaTeX Info: Redefining \relbar on input line 969.
LaTeX Info: Redefining \Relbar on input line 970.
\c@MaxMatrixCols=\count306
\dotsspace@=\muskip17
\c@parentequation=\count307
\dspbrk@lvl=\count308
\tag@help=\toks28
\row@=\count309
\column@=\count310
\maxfields@=\count311
\andhelp@=\toks29
\eqnshift@=\dimen173
\alignsep@=\dimen174
\tagshift@=\dimen175
\tagwidth@=\dimen176
\totwidth@=\dimen177
\lineht@=\dimen178
\@envbody=\toks30
\multlinegap=\skip54
\multlinetaggap=\skip55
\mathdisplay@stack=\toks31
LaTeX Info: Redefining \[ on input line 2953.
LaTeX Info: Redefining \] on input line 2954.
) (/usr/local/texlive/2025/texmf-dist/tex/latex/amsfonts/amsfonts.sty
Package: amsfonts 2013/01/14 v3.01 Basic AMSFonts support
\symAMSa=\mathgroup4
\symAMSb=\mathgroup5
LaTeX Font Info:    Redeclaring math symbol \hbar on input line 98.
LaTeX Font Info:    Overwriting math alphabet `\mathfrak' in version `bold'
(Font)                  U/euf/m/n --> U/euf/b/n on input line 106.
) (/usr/local/texlive/2025/texmf-dist/tex/latex/xcolor/xcolor.sty
Package: xcolor 2024/09/29 v3.02 LaTeX color extensions (UK)
 (/usr/local/texlive/2025/texmf-dist/tex/latex/graphics-cfg/color.cfg
File: color.cfg 2016/01/02 v1.6 sample color configuration
)
Package xcolor Info: Driver file: pdftex.def on input line 274.
 (/usr/local/texlive/2025/texmf-dist/tex/latex/graphics/mathcolor.ltx)
Package xcolor Info: Model `cmy' substituted by `cmy0' on input line 1349.
Package xcolor Info: Model `hsb' substituted by `rgb' on input line 1353.
Package xcolor Info: Model `RGB' extended on input line 1365.
Package xcolor Info: Model `HTML' substituted by `rgb' on input line 1367.
Package xcolor Info: Model `Hsb' substituted by `hsb' on input line 1368.
Package xcolor Info: Model `tHsb' substituted by `hsb' on input line 1369.
Package xcolor Info: Model `HSB' substituted by `hsb' on input line 1370.
Package xcolor Info: Model `Gray' substituted by `gray' on input line 1371.
Package xcolor Info: Model `wave' substituted by `hsb' on input line 1372.
) (/usr/local/texlive/2025/texmf-dist/tex/latex/booktabs/booktabs.sty
Package: booktabs 2020/01/12 v1.61803398 Publication quality tables
\heavyrulewidth=\dimen179
\lightrulewidth=\dimen180
\cmidrulewidth=\dimen181
\belowrulesep=\dimen182
\belowbottomsep=\dimen183
\aboverulesep=\dimen184
\abovetopsep=\dimen185
\cmidrulesep=\dimen186
\cmidrulekern=\dimen187
\defaultaddspace=\dimen188
\@cmidla=\count312
\@cmidlb=\count313
\@aboverulesep=\dimen189
\@belowrulesep=\dimen190
\@thisruleclass=\count314
\@lastruleclass=\count315
\@thisrulewidth=\dimen191
) (/usr/local/texlive/2025/texmf-dist/tex/latex/tools/array.sty
Package: array 2024/10/17 v2.6g Tabular extension package (FMi)
\col@sep=\dimen192
\ar@mcellbox=\box60
\extrarowheight=\dimen193
\NC@list=\toks32
\extratabsurround=\skip56
\backup@length=\skip57
\ar@cellbox=\box61
) (./main.aux

LaTeX Warning: Label `fig:telaio' multiply defined.


LaTeX Warning: Label `fig:telaio' multiply defined.


LaTeX Warning: Label `fig:telaio' multiply defined.


LaTeX Warning: Label `fig:telaio' multiply defined.


LaTeX Warning: Label `fig:telaio' multiply defined.


LaTeX Warning: Label `fig:telaio' multiply defined.


LaTeX Warning: Label `fig:telaio' multiply defined.


LaTeX Warning: Label `fig:telaio' multiply defined.


LaTeX Warning: Label `fig:telaio' multiply defined.


LaTeX Warning: Label `fig:telaio' multiply defined.


LaTeX Warning: Label `fig:telaio' multiply defined.


LaTeX Warning: Label `fig:telaio' multiply defined.


LaTeX Warning: Label `fig:telaio' multiply defined.

)
\openout1 = `main.aux'.

LaTeX Font Info:    Checking defaults for OML/cmm/m/it on input line 130.
LaTeX Font Info:    ... okay on input line 130.
LaTeX Font Info:    Checking defaults for OMS/cmsy/m/n on input line 130.
LaTeX Font Info:    ... okay on input line 130.
LaTeX Font Info:    Checking defaults for OT1/cmr/m/n on input line 130.
LaTeX Font Info:    ... okay on input line 130.
LaTeX Font Info:    Checking defaults for T1/cmr/m/n on input line 130.
LaTeX Font Info:    ... okay on input line 130.
LaTeX Font Info:    Checking defaults for TS1/cmr/m/n on input line 130.
LaTeX Font Info:    ... okay on input line 130.
LaTeX Font Info:    Checking defaults for OMX/cmex/m/n on input line 130.
LaTeX Font Info:    ... okay on input line 130.
LaTeX Font Info:    Checking defaults for U/cmr/m/n on input line 130.
LaTeX Font Info:    ... okay on input line 130.

*geometry* driver: auto-detecting
*geometry* detected driver: pdftex
*geometry* verbose mode - [ preamble ] result:
* driver: pdftex
* paper: <default>
* layout: <same size as paper>
* layoutoffset:(h,v)=(0.0pt,0.0pt)
* modes: 
* h-part:(L,W,R)=(86.72377pt, 440.84746pt, 86.72377pt)
* v-part:(T,H,B)=(86.72377pt, 621.52245pt, 86.72377pt)
* \paperwidth=614.295pt
* \paperheight=794.96999pt
* \textwidth=440.84746pt
* \textheight=621.52245pt
* \oddsidemargin=14.45378pt
* \evensidemargin=14.45378pt
* \topmargin=-22.54622pt
* \headheight=12.0pt
* \headsep=25.0pt
* \topskip=11.0pt
* \footskip=30.0pt
* \marginparwidth=59.0pt
* \marginparsep=10.0pt
* \columnsep=10.0pt
* \skip\footins=10.0pt plus 4.0pt minus 2.0pt
* \hoffset=0.0pt
* \voffset=0.0pt
* \mag=1000
* \@twocolumnfalse
* \@twosidefalse
* \@mparswitchfalse
* \@reversemarginfalse
* (1in=72.27pt=25.4mm, 1cm=28.453pt)

(/usr/local/texlive/2025/texmf-dist/tex/context/base/mkii/supp-pdf.mkii
[Loading MPS to PDF converter (version 2006.09.02).]
\scratchcounter=\count316
\scratchdimen=\dimen194
\scratchbox=\box62
\nofMPsegments=\count317
\nofMParguments=\count318
\everyMPshowfont=\toks33
\MPscratchCnt=\count319
\MPscratchDim=\dimen195
\MPnumerator=\count320
\makeMPintoPDFobject=\count321
\everyMPtoPDFconversion=\toks34
) (/usr/local/texlive/2025/texmf-dist/tex/latex/epstopdf-pkg/epstopdf-base.sty
Package: epstopdf-base 2020-01-24 v2.11 Base part for package epstopdf
Package epstopdf-base Info: Redefining graphics rule for `.eps' on input line 485.
 (/usr/local/texlive/2025/texmf-dist/tex/latex/latexconfig/epstopdf-sys.cfg
File: epstopdf-sys.cfg 2010/07/13 v1.3 Configuration of (r)epstopdf for TeX Live
))
Package caption Info: Begin \AtBeginDocument code.
Package caption Info: float package is loaded.
Package caption Info: listings package is loaded.
Package caption Info: End \AtBeginDocument code.
LaTeX Info: Redefining \it@ocap on input line 130.
LaTeX Info: Redefining \it@ccap on input line 130.


File italian.ldf warning: 
italian.ldf    With OT1 encoding guillemets are poorly faked
italian.ldf    Use T1 encoding
italian.ldf    or specify a font with command \CaporaliFrom
italian.ldf    See the documentation concerning the babel-italian typesetting
italian.ldf    on input line 130.

\c@lstlisting=\count322
<images/logoUnivpm.jpg, id=1, 111.2958pt x 115.632pt>
File: images/logoUnivpm.jpg Graphic file (type jpg)
<use images/logoUnivpm.jpg>
Package pdftex.def Info: images/logoUnivpm.jpg  used on input line 143.
(pdftex.def)             Requested size: 128.0374pt x 133.0428pt.
<images/dii_new.png, id=2, 192.72pt x 79.29625pt>
File: images/dii_new.png Graphic file (type png)
<use images/dii_new.png>
Package pdftex.def Info: images/dii_new.png  used on input line 169.
(pdftex.def)             Requested size: 56.9055pt x 23.41396pt.


[1

{/usr/local/texlive/2025/texmf-var/fonts/map/pdftex/updmap/pdftex.map} <./images/logoUnivpm.jpg> <./images/dii_new.png>] (./main.toc
LaTeX Font Info:    Trying to load font information for U+msa on input line 5.
 (/usr/local/texlive/2025/texmf-dist/tex/latex/amsfonts/umsa.fd
File: umsa.fd 2013/01/14 v3.01 AMS symbols A
)
LaTeX Font Info:    Trying to load font information for U+msb on input line 5.
 (/usr/local/texlive/2025/texmf-dist/tex/latex/amsfonts/umsb.fd
File: umsb.fd 2013/01/14 v3.01 AMS symbols B
)

[1

])
\tf@toc=\write3
\openout3 = `main.toc'.



[2]

[3]
Capitolo 1.


[4

{/usr/local/texlive/2025/texmf-dist/fonts/enc/dvips/cm-super/cm-super-ts1.enc}]

[5]
<images/PID.png, id=37, 2758.305pt x 1541.76pt>
File: images/PID.png Graphic file (type png)
<use images/PID.png>
Package pdftex.def Info: images/PID.png  used on input line 266.
(pdftex.def)             Requested size: 308.59187pt x 172.48773pt.
<images/Controllotrazione.png, id=38, 785.93625pt x 255.95625pt>
File: images/Controllotrazione.png Graphic file (type png)
<use images/Controllotrazione.png>
Package pdftex.def Info: images/Controllotrazione.png  used on input line 277.
(pdftex.def)             Requested size: 440.84746pt x 143.57275pt.


[6 <./images/PID.png>]
File: images/Controllotrazione.png Graphic file (type png)
<use images/Controllotrazione.png>
Package pdftex.def Info: images/Controllotrazione.png  used on input line 296.
(pdftex.def)             Requested size: 440.84746pt x 143.57275pt.


[7 <./images/Controllotrazione.png>]
Capitolo 2.
<images/telaio.png, id=48, 637.38126pt x 343.2825pt>
File: images/telaio.png Graphic file (type png)
<use images/telaio.png>
Package pdftex.def Info: images/telaio.png  used on input line 323.
(pdftex.def)             Requested size: 308.59187pt x 166.19847pt.


[8

 <./images/telaio.png>]
<images/SchedaSTM.png, id=53, 595.22375pt x 389.455pt>
File: images/SchedaSTM.png Graphic file (type png)
<use images/SchedaSTM.png>
Package pdftex.def Info: images/SchedaSTM.png  used on input line 338.
(pdftex.def)             Requested size: 308.59187pt x 201.9116pt.
<images/Motore.png, id=54, 698.61pt x 330.23375pt>
File: images/Motore.png Graphic file (type png)
<use images/Motore.png>
Package pdftex.def Info: images/Motore.png  used on input line 347.
(pdftex.def)             Requested size: 220.42372pt x 104.1955pt.


[9 <./images/SchedaSTM.png>]
<images/Driver.png, id=59, 445.665pt x 351.3125pt>
File: images/Driver.png Graphic file (type png)
<use images/Driver.png>
Package pdftex.def Info: images/Driver.png  used on input line 379.
(pdftex.def)             Requested size: 220.42372pt x 173.75816pt.
<images/Encoder.png, id=60, 413.545pt x 401.5pt>
File: images/Encoder.png Graphic file (type png)
<use images/Encoder.png>
Package pdftex.def Info: images/Encoder.png  used on input line 389.
(pdftex.def)             Requested size: 176.33629pt x 171.20192pt.


[10 <./images/Motore.png> <./images/Driver.png>]
<images/Servo.png, id=66, 411.5375pt x 402.50375pt>
File: images/Servo.png Graphic file (type png)
<use images/Servo.png>
Package pdftex.def Info: images/Servo.png  used on input line 401.
(pdftex.def)             Requested size: 176.33629pt x 172.46521pt.


[11 <./images/Encoder.png> <./images/Servo.png>]
<images/Alimentazione.png, id=72, 544.0325pt x 415.5525pt>
File: images/Alimentazione.png Graphic file (type png)
<use images/Alimentazione.png>
Package pdftex.def Info: images/Alimentazione.png  used on input line 414.
(pdftex.def)             Requested size: 176.33629pt x 134.69153pt.
<images/Batteria.png, id=73, 416.55624pt x 389.455pt>
File: images/Batteria.png Graphic file (type png)
<use images/Batteria.png>
Package pdftex.def Info: images/Batteria.png  used on input line 425.
(pdftex.def)             Requested size: 176.33629pt x 164.86546pt.
<images/Imu.png, id=74, 359.3425pt x 277.035pt>
File: images/Imu.png Graphic file (type png)
<use images/Imu.png>
Package pdftex.def Info: images/Imu.png  used on input line 439.
(pdftex.def)             Requested size: 176.33629pt x 135.95123pt.


[12 <./images/Alimentazione.png> <./images/Batteria.png>]
<images/Radiocomando.png, id=81, 498.86375pt x 509.905pt>
File: images/Radiocomando.png Graphic file (type png)
<use images/Radiocomando.png>
Package pdftex.def Info: images/Radiocomando.png  used on input line 451.
(pdftex.def)             Requested size: 176.33629pt x 180.2356pt.


[13 <./images/Imu.png> <./images/Radiocomando.png>]
<images/RadiocomandoFunz.png, id=87, 572.1375pt x 567.11874pt>
File: images/RadiocomandoFunz.png Graphic file (type png)
<use images/RadiocomandoFunz.png>
Package pdftex.def Info: images/RadiocomandoFunz.png  used on input line 503.
(pdftex.def)             Requested size: 176.33629pt x 174.79253pt.


[14]

[15 <./images/RadiocomandoFunz.png>]
<images/diagramma_componenti.png, id=95, 1131.22626pt x 892.33376pt>
File: images/diagramma_componenti.png Graphic file (type png)
<use images/diagramma_componenti.png>
Package pdftex.def Info: images/diagramma_componenti.png  used on input line 549.
(pdftex.def)             Requested size: 352.6793pt x 278.20006pt.


[16 <./images/diagramma_componenti.png>]
Capitolo 3.


[17

]

[18]
Capitolo 4.
<images/diagramma_di_flusso.png, id=108, 572.1375pt x 1606.0pt>
File: images/diagramma_di_flusso.png Graphic file (type png)
<use images/diagramma_di_flusso.png>
Package pdftex.def Info: images/diagramma_di_flusso.png  used on input line 589.
(pdftex.def)             Requested size: 188.21231pt x 528.31528pt.


[19

]

[20 <./images/diagramma_di_flusso.png>]

[21]
<images/impostazioni_timer.png, id=119, 372.39125pt x 339.2675pt>
File: images/impostazioni_timer.png Graphic file (type png)
<use images/impostazioni_timer.png>
Package pdftex.def Info: images/impostazioni_timer.png  used on input line 627.
(pdftex.def)             Requested size: 308.59187pt x 281.15192pt.
<images/BothEdges.png, id=120, 371.3875pt x 272.01625pt>
File: images/BothEdges.png Graphic file (type png)
<use images/BothEdges.png>
Package pdftex.def Info: images/BothEdges.png  used on input line 638.
(pdftex.def)             Requested size: 308.59187pt x 226.02661pt.


[22 <./images/impostazioni_timer.png>]
Overfull \hbox (51.1149pt too wide) in paragraph at lines 643--644
[]\OT1/cmr/m/n/10.95 La lo-gi-ca di ac-qui-si-zio-ne ^^Re ge-sti-ta al-l'in-ter-no del-la fun-zio-ne di call-back \OT1/cmtt/m/n/10.95 HAL[]TIM[]IC[]CaptureCallback\OT1/cmr/m/n/10.95 .
 []

(/usr/local/texlive/2025/texmf-dist/tex/latex/listings/lstlang1.sty
File: lstlang1.sty 2024/09/23 1.10c listings language file
) (/usr/local/texlive/2025/texmf-dist/tex/latex/listings/lstlang1.sty
File: lstlang1.sty 2024/09/23 1.10c listings language file
) (/usr/local/texlive/2025/texmf-dist/tex/latex/listings/lstmisc.sty
File: lstmisc.sty 2024/09/23 1.10c (Carsten Heinz)
)
LaTeX Font Info:    Font shape `OT1/cmtt/bx/n' in size <9> not available
(Font)              Font shape `OT1/cmtt/m/n' tried instead on input line 647.


[23 <./images/BothEdges.png>]
LaTeX Font Info:    Font shape `OT1/cmtt/bx/n' in size <10.95> not available
(Font)              Font shape `OT1/cmtt/m/n' tried instead on input line 715.


[24]
<images/Timer5_Channels.png, id=135, 807.015pt x 766.865pt>
File: images/Timer5_Channels.png Graphic file (type png)
<use images/Timer5_Channels.png>
Package pdftex.def Info: images/Timer5_Channels.png  used on input line 725.
(pdftex.def)             Requested size: 440.84746pt x 418.91022pt.


[25 <./images/Timer5_Channels.png>]

[26]

[27]
Overfull \hbox (47.68077pt too wide) in paragraph at lines 818--819
[]\OT1/cmr/bx/n/10.95 Acquisizione e va-li-da-zio-ne co-man-di: \OT1/cmr/m/n/10.95 non ap-pe-na i flag [][]\OT1/cmtt/m/n/10.95 new_rc_throttle []\OT1/cmr/m/n/10.95 e [][]\OT1/cmtt/m/n/10.95 new_rc_steering
 []



[28] (/usr/local/texlive/2025/texmf-dist/tex/latex/listings/lstlang1.sty
File: lstlang1.sty 2024/09/23 1.10c listings language file
)
Underfull \hbox (badness 10000) in paragraph at lines 861--869

 []


Underfull \hbox (badness 10000) in paragraph at lines 861--869

 []


Underfull \hbox (badness 10000) in paragraph at lines 861--869

 []



[29] (./codefiles/example_code.cpp) (/usr/local/texlive/2025/texmf-dist/tex/latex/listings/lstlang1.sty
File: lstlang1.sty 2024/09/23 1.10c listings language file
)

[30]
Capitolo 5.

Overfull \hbox (6.79398pt too wide) in paragraph at lines 920--922
\OT1/cmr/m/n/10.95 Il con-trol-lo del-la ve-lo-cit^^Ra lon-gi-tu-di-na-le ^^Re sta-to af-fi-da-to a un re-go-la-to-re di ti-po PI (Proporzionale-
 []

LaTeX Font Info:    Font shape `OT1/cmtt/bx/n' in size <10> not available
(Font)              Font shape `OT1/cmtt/m/n' tried instead on input line 939.


[31

]

[32]
<figures/grafico.JPG, id=163, 549.55313pt x 297.61188pt>
File: figures/grafico.JPG Graphic file (type jpg)
<use figures/grafico.JPG>
Package pdftex.def Info: figures/grafico.JPG  used on input line 1002.
(pdftex.def)             Requested size: 352.6793pt x 190.99773pt.


[33 <./figures/grafico.JPG>]

[34]
Appendice A.
(./main.bbl

[35

]

LaTeX Warning: Empty `thebibliography' environment on input line 3.

)

[36

] (./main.aux)
 ***********
LaTeX2e <2024-11-01> patch level 2
L3 programming layer <2025-01-18>
 ***********


LaTeX Warning: There were multiply-defined labels.

 ) 
Here is how much of TeX's memory you used:
 10222 strings out of 473190
 164941 string characters out of 5715800
 1044800 words of memory out of 5000000
 33347 multiletter control sequences out of 15000+600000
 568827 words of font info for 73 fonts, out of 8000000 for 9000
 1141 hyphenation exceptions out of 8191
 79i,12n,93p,803b,1840s stack positions out of 10000i,1000n,20000p,200000b,200000s
</usr/local/texlive/2025/texmf-dist/fonts/type1/public/amsfonts/cm/cmbx10.pfb></usr/local/texlive/2025/texmf-dist/fonts/type1/public/amsfonts/cm/cmbx12.pfb></usr/local/texlive/2025/texmf-dist/fonts/type1/public/amsfonts/cm/cmcsc10.pfb></usr/local/texlive/2025/texmf-dist/fonts/type1/public/amsfonts/cm/cmex10.pfb></usr/local/texlive/2025/texmf-dist/fonts/type1/public/amsfonts/cm/cmitt10.pfb></usr/local/texlive/2025/texmf-dist/fonts/type1/public/amsfonts/cm/cmmi10.pfb></usr/local/texlive/2025/texmf-dist/fonts/type1/public/amsfonts/cm/cmmi8.pfb></usr/local/texlive/2025/texmf-dist/fonts/type1/public/amsfonts/cm/cmr10.pfb></usr/local/texlive/2025/texmf-dist/fonts/type1/public/amsfonts/cm/cmr12.pfb></usr/local/texlive/2025/texmf-dist/fonts/type1/public/amsfonts/cm/cmr6.pfb></usr/local/texlive/2025/texmf-dist/fonts/type1/public/amsfonts/cm/cmr8.pfb></usr/local/texlive/2025/texmf-dist/fonts/type1/public/amsfonts/cm/cmsy10.pfb></usr/local/texlive/2025/texmf-dist/fonts/type1/public/amsfonts/cm/cmti10.pfb></usr/local/texlive/2025/texmf-dist/fonts/type1/public/amsfonts/cm/cmtt10.pfb></usr/local/texlive/2025/texmf-dist/fonts/type1/public/amsfonts/cm/cmtt9.pfb></usr/local/texlive/2025/texmf-dist/fonts/type1/public/cm-super/sfrm1095.pfb>
Output written on main.pdf (37 pages, 10990286 bytes).
PDF statistics:
 248 PDF objects out of 1000 (max. 8388607)
 135 compressed objects within 2 object streams
 0 named destinations out of 1000 (max. 500000)
 106 words of extra memory for PDF output out of 10000 (max. 10000000)

