\BOOKMARK [0][-]{chapter*.1}{\376\377\000I\000n\000t\000r\000o\000d\000u\000z\000i\000o\000n\000e}{}% 1
\BOOKMARK [0][-]{chapter.1}{\376\377\000D\000e\000s\000c\000r\000i\000z\000i\000o\000n\000e\000\040\000d\000e\000l\000\040\000s\000i\000s\000t\000e\000m\000a}{}% 2
\BOOKMARK [1][-]{section.1.1}{\376\377\000C\000o\000n\000t\000r\000o\000l\000l\000o\000\040\000v\000e\000i\000c\000o\000l\000o}{chapter.1}% 3
\BOOKMARK [2][-]{subsection.1.1.1}{\376\377\000C\000o\000n\000t\000r\000o\000l\000l\000o\000\040\000d\000e\000l\000l\000a\000\040\000t\000r\000a\000z\000i\000o\000n\000e}{section.1.1}% 4
\BOOKMARK [2][-]{subsection.1.1.2}{\376\377\000C\000o\000n\000t\000r\000o\000l\000l\000o\000\040\000d\000e\000l\000l\000o\000\040\000s\000t\000e\000r\000z\000o}{section.1.1}% 5
\BOOKMARK [0][-]{chapter.2}{\376\377\000H\000a\000r\000d\000w\000a\000r\000e}{}% 6
\BOOKMARK [1][-]{section.2.1}{\376\377\000T\000e\000l\000a\000i\000o\000\040\000e\000\040\000m\000e\000c\000c\000a\000n\000i\000c\000h\000e\000\040\000d\000i\000\040\000s\000u\000p\000p\000o\000r\000t\000o}{chapter.2}% 7
\BOOKMARK [1][-]{section.2.2}{\376\377\000N\000u\000c\000l\000e\000o\000-\0001\0004\0004\000\040\000S\000T\000M\0003\0002\000H\0007\0005\0005\000z\000i\000-\000q}{chapter.2}% 8
\BOOKMARK [1][-]{section.2.3}{\376\377\000M\000o\000t\000o\000r\000e\000\040\000D\000C\000\040\000R\000e\000e\000l\000y\000\040\0005\0005\0000\000e\000r}{chapter.2}% 9
\BOOKMARK [1][-]{section.2.4}{\376\377\000D\000r\000i\000v\000e\000r\000\040\000M\000o\000t\000o\000r\000e\000\040\000C\000y\000t\000r\000o\000n\000\040\000M\000D\0001\0000\000C\000\040\000R\0003}{chapter.2}% 10
\BOOKMARK [1][-]{section.2.5}{\376\377\000E\000n\000c\000o\000d\000e\000r\000\040\000i\000n\000c\000r\000e\000m\000e\000n\000t\000a\000l\000e\000\040\000C\000U\000I\000\040\000D\000e\000v\000i\000c\000e\000s\000\040\000A\000M\000T\0001\0000\0002}{chapter.2}% 11
\BOOKMARK [1][-]{section.2.6}{\376\377\000S\000e\000r\000v\000o\000m\000o\000t\000o\000r\000e\000\040\000M\000i\000u\000z\000e\000i\000\040\000M\000S\0002\0004}{chapter.2}% 12
\BOOKMARK [1][-]{section.2.7}{\376\377\000A\000l\000i\000m\000e\000n\000t\000a\000z\000i\000o\000n\000e}{chapter.2}% 13
\BOOKMARK [2][-]{subsection.2.7.1}{\376\377\000C\000o\000n\000v\000e\000r\000t\000i\000t\000o\000r\000i\000\040\000D\000C\000-\000D\000C}{section.2.7}% 14
\BOOKMARK [2][-]{subsection.2.7.2}{\376\377\000B\000a\000t\000t\000e\000r\000i\000a\000\040\000a\000i\000\040\000p\000o\000l\000i\000m\000e\000r\000i\000\040\000d\000i\000\040\000l\000i\000t\000i\000o}{section.2.7}% 15
\BOOKMARK [1][-]{section.2.8}{\376\377\000I\000n\000e\000r\000t\000i\000a\000l\000\040\000M\000e\000a\000s\000u\000r\000e\000m\000e\000n\000t\000\040\000U\000n\000i\000t}{chapter.2}% 16
\BOOKMARK [1][-]{section.2.9}{\376\377\000R\000a\000d\000i\000o\000c\000o\000m\000a\000n\000d\000o\000\040\000e\000\040\000R\000i\000c\000e\000v\000i\000t\000o\000r\000e\000\040\000M\000i\000c\000r\000o\000z\000o\000n\000e}{chapter.2}% 17
\BOOKMARK [2][-]{subsection.2.9.1}{\376\377\000F\000u\000n\000z\000i\000o\000n\000a\000m\000e\000n\000t\000o}{section.2.9}% 18
\BOOKMARK [2][-]{subsection.2.9.2}{\376\377\000\040\000C\000a\000n\000a\000l\000i\000\040\000d\000e\000l\000\040\000r\000i\000c\000e\000v\000i\000t\000o\000r\000e}{section.2.9}% 19
\BOOKMARK [1][-]{section.2.10}{\376\377\000S\000c\000h\000e\000m\000a\000\040\000d\000e\000i\000\040\000c\000o\000l\000l\000e\000g\000a\000m\000e\000n\000t\000i}{chapter.2}% 20
\BOOKMARK [0][-]{chapter.3}{\376\377\000S\000o\000f\000t\000w\000a\000r\000e}{}% 21
\BOOKMARK [1][-]{subsection.3.0.1}{\376\377\000S\000T\000M\0003\0002\000C\000u\000b\000e\000I\000D\000E}{chapter.3}% 22
\BOOKMARK [2][-]{subsection.3.0.2}{\376\377\000M\000A\000T\000L\000A\000B}{subsection.3.0.1}% 23
\BOOKMARK [2][-]{subsection.3.0.3}{\376\377\000A\000c\000q\000u\000i\000s\000i\000z\000i\000o\000n\000e\000\040\000d\000a\000t\000i\000\040\000v\000i\000a\000\040\000T\000e\000r\000m\000i\000n\000a\000l\000e}{subsection.3.0.1}% 24
\BOOKMARK [0][-]{chapter.4}{\376\377\000I\000m\000p\000l\000e\000m\000e\000n\000t\000a\000z\000i\000o\000n\000e\000\040\000d\000e\000l\000\040\000f\000i\000r\000m\000w\000a\000r\000e}{}% 25
\BOOKMARK [1][-]{section.4.1}{\376\377\000D\000i\000a\000g\000r\000a\000m\000m\000a\000\040\000d\000i\000\040\000f\000l\000u\000s\000s\000o}{chapter.4}% 26
\BOOKMARK [1][-]{section.4.2}{\376\377\000I\000m\000p\000l\000e\000m\000e\000n\000t\000a\000z\000i\000o\000n\000e\000\040\000r\000e\000l\000a\000t\000i\000v\000a\000\040\000a\000l\000\040\000r\000a\000d\000i\000o\000c\000o\000m\000a\000n\000d\000o}{chapter.4}% 27
\BOOKMARK [2][-]{subsection.4.2.1}{\376\377\000I\000m\000p\000o\000s\000t\000a\000z\000i\000o\000n\000i\000\040\000i\000n\000i\000z\000i\000a\000l\000i\000\040\000t\000i\000m\000e\000r\000s\000\040\000e\000\040\000c\000a\000l\000c\000o\000l\000o\000\040\000p\000r\000e\000l\000i\000m\000i\000n\000a\000r\000e\000\040\000d\000i\000\040\000f\000r\000e\000q\000u\000e\000n\000z\000a\000\040\000e\000\040\000d\000u\000t\000y}{section.4.2}% 28
\BOOKMARK [1][-]{section.4.3}{\376\377\000I\000m\000p\000l\000e\000m\000e\000n\000t\000a\000z\000i\000o\000n\000e\000\040\000r\000e\000l\000a\000t\000i\000v\000a\000\040\000a\000l\000\040\000c\000o\000n\000t\000r\000o\000l\000l\000o\000\040\000d\000e\000l\000l\000a\000\040\000t\000r\000a\000z\000i\000o\000n\000e}{chapter.4}% 29
\BOOKMARK [2][-]{subsection.4.3.1}{\376\377\000D\000C\000\137\000m\000o\000t\000o\000r\000.\000h}{section.4.3}% 30
\BOOKMARK [2][-]{subsection.4.3.2}{\376\377\000P\000a\000r\000a\000m\000e\000t\000r\000i\000\040\000d\000e\000l\000l\000'\000e\000n\000c\000o\000d\000e\000r}{section.4.3}% 31
\BOOKMARK [2][-]{subsection.4.3.3}{\376\377\000S\000t\000r\000u\000t\000t\000u\000r\000a\000\040\000d\000a\000t\000i\000\040\000d\000e\000l\000l\000o\000\040\000s\000t\000a\000t\000o\000\040\000d\000e\000l\000\040\000v\000e\000i\000c\000o\000l\000o}{section.4.3}% 32
\BOOKMARK [2][-]{subsection.4.3.4}{\376\377\000P\000I\000D\000.\000h}{section.4.3}% 33
\BOOKMARK [2][-]{subsection.4.3.5}{\376\377\000P\000I\000D\000.\000c}{section.4.3}% 34
\BOOKMARK [2][-]{subsection.4.3.6}{\376\377\000C\000o\000d\000i\000c\000e}{section.4.3}% 35
\BOOKMARK [1][-]{section.4.4}{\376\377\000I\000m\000p\000l\000e\000m\000e\000n\000t\000a\000z\000i\000o\000n\000e\000\040\000r\000e\000l\000a\000t\000i\000v\000a\000\040\000a\000l\000\040\000c\000o\000n\000t\000r\000o\000l\000l\000o\000\040\000d\000e\000l\000l\000o\000\040\000s\000t\000e\000r\000z\000o}{chapter.4}% 36
\BOOKMARK [2][-]{subsection.4.4.1}{\376\377\000C\000o\000n\000f\000i\000g\000u\000r\000a\000z\000i\000o\000n\000e\000\040\000d\000e\000l\000\040\000T\000i\000m\000e\000r\000\040\000p\000e\000r\000\040\000l\000'\000a\000t\000t\000u\000a\000z\000i\000o\000n\000e\000\040\000d\000e\000l\000l\000o\000\040\000s\000t\000e\000r\000z\000o\000\040\000\050\000P\000W\000M\000\051}{section.4.4}% 37
\BOOKMARK [2][-]{subsection.4.4.2}{\376\377\000b\000n\000o\0000\0005\0005\000\137\000S\000T\000M\000.\000h}{section.4.4}% 38
\BOOKMARK [2][-]{subsection.4.4.3}{\376\377\000s\000e\000r\000v\000o\000\137\000m\000o\000t\000o\000r\000.\000c}{section.4.4}% 39
\BOOKMARK [2][-]{subsection.4.4.4}{\376\377\000C\000a\000l\000i\000b\000r\000a\000z\000i\000o\000n\000e\000\040\000m\000e\000c\000c\000a\000n\000i\000c\000a\000\040\000d\000e\000l\000l\000o\000\040\000s\000t\000e\000r\000z\000o}{section.4.4}% 40
\BOOKMARK [0][-]{chapter.5}{\376\377\000T\000e\000s\000t\000\040\000e\000\040\000r\000i\000s\000u\000l\000t\000a\000t\000i}{}% 41
\BOOKMARK [1][-]{section.5.1}{\376\377\000T\000r\000a\000z\000i\000o\000n\000e}{chapter.5}% 42
\BOOKMARK [1][-]{section.5.2}{\376\377\000S\000t\000e\000r\000z\000o}{chapter.5}% 43
\BOOKMARK [2][-]{subsection.5.2.1}{\376\377\000V\000a\000r\000i\000a\000z\000i\000o\000n\000e\000\040\000v\000e\000l\000o\000c\000i\000t\000\340\000\040\000l\000i\000n\000e\000a\000r\000e}{section.5.2}% 44
\BOOKMARK [2][-]{subsection.5.2.2}{\376\377\000V\000a\000r\000i\000a\000z\000i\000o\000n\000e\000\040\000v\000e\000l\000o\000c\000i\000t\000\340\000\040\000a\000n\000g\000o\000l\000a\000r\000e}{section.5.2}% 45
\BOOKMARK [0][-]{figure.caption.56}{\376\377\000C\000o\000n\000c\000l\000u\000s\000i\000o\000n\000i\000\040\000e\000\040\000s\000v\000i\000l\000u\000p\000p\000i\000\040\000f\000u\000t\000u\000r\000i}{}% 46
