../Core/Inc/bno055_stm32.h:23:6:bno055_assignI2C	16	static
../Core/Inc/bno055_stm32.h:27:6:bno055_delay	16	static
../Core/Inc/bno055_stm32.h:35:6:bno055_writeData	40	static
../Core/Inc/bno055_stm32.h:98:6:bno055_readData	32	static
../Core/Src/main.c:258:5:main	168	static
../Core/Src/main.c:650:6:SystemClock_Config	120	static
../Core/Src/main.c:701:13:MX_I2C2_Init	8	static
../Core/Src/main.c:749:13:MX_TIM1_Init	96	static
../Core/Src/main.c:819:13:MX_TIM2_Init	40	static
../Core/Src/main.c:871:13:MX_TIM3_Init	48	static
../Core/Src/main.c:920:13:MX_TIM4_Init	56	static
../Core/Src/main.c:969:13:MX_TIM5_Init	40	static
../Core/Src/main.c:1021:13:MX_TIM6_Init	24	static
../Core/Src/main.c:1059:13:MX_USART3_UART_Init	8	static
../Core/Src/main.c:1107:13:MX_GPIO_Init	56	static
../Core/Src/main.c:1168:6:HAL_TIM_PeriodElapsedCallback	16	static
../Core/Src/main.c:1185:5:_write	24	static
../Core/Src/main.c:1191:6:HAL_GPIO_EXTI_Callback	16	static
../Core/Src/main.c:1201:6:HAL_TIM_IC_CaptureCallback	32	static
../Core/Src/main.c:1276:6:Error_Handler	4	static,ignoring_inline_asm
