../Core/Inc/bno055_stm32.h:23:6:bno055_assignI2C	1
../Core/Inc/bno055_stm32.h:27:6:bno055_delay	1
../Core/Inc/bno055_stm32.h:35:6:bno055_writeData	21
../Core/Inc/bno055_stm32.h:98:6:bno055_readData	5
../Core/Src/main.c:258:5:main	36
../Core/Src/main.c:650:6:SystemClock_Config	4
../Core/Src/main.c:701:13:MX_I2C2_Init	4
../Core/Src/main.c:749:13:MX_TIM1_Init	5
../Core/Src/main.c:819:13:MX_TIM2_Init	5
../Core/Src/main.c:871:13:MX_TIM3_Init	4
../Core/Src/main.c:920:13:MX_TIM4_Init	3
../Core/Src/main.c:969:13:MX_TIM5_Init	5
../Core/Src/main.c:1021:13:MX_TIM6_Init	3
../Core/Src/main.c:1059:13:MX_USART3_UART_Init	5
../Core/Src/main.c:1107:13:MX_GPIO_Init	1
../Core/Src/main.c:1168:6:HAL_TIM_PeriodElapsedCallback	4
../Core/Src/main.c:1185:5:_write	1
../Core/Src/main.c:1191:6:HAL_GPIO_EXTI_Callback	3
../Core/Src/main.c:1201:6:HAL_TIM_IC_CaptureCallback	13
../Core/Src/main.c:1276:6:Error_Handler	1
