Archive member included to satisfy reference by file (symbol)

/Applications/STM32CubeIDE.app/Contents/Eclipse/plugins/com.st.stm32cube.ide.mcu.externaltools.gnu-tools-for-stm32.13.3.rel1.macos64_1.0.0.202411102158/tools/bin/../lib/gcc/arm-none-eabi/13.3.1/../../../../arm-none-eabi/lib/thumb/v7e-m+dp/hard/libc_nano.a(libc_a-exit.o)
                              /Applications/STM32CubeIDE.app/Contents/Eclipse/plugins/com.st.stm32cube.ide.mcu.externaltools.gnu-tools-for-stm32.13.3.rel1.macos64_1.0.0.202411102158/tools/bin/../lib/gcc/arm-none-eabi/13.3.1/../../../../arm-none-eabi/lib/thumb/v7e-m+dp/hard/crt0.o (exit)
/Applications/STM32CubeIDE.app/Contents/Eclipse/plugins/com.st.stm32cube.ide.mcu.externaltools.gnu-tools-for-stm32.13.3.rel1.macos64_1.0.0.202411102158/tools/bin/../lib/gcc/arm-none-eabi/13.3.1/../../../../arm-none-eabi/lib/thumb/v7e-m+dp/hard/libc_nano.a(libc_a-nano-vfprintf_float.o)
                              (_printf_float)
/Applications/STM32CubeIDE.app/Contents/Eclipse/plugins/com.st.stm32cube.ide.mcu.externaltools.gnu-tools-for-stm32.13.3.rel1.macos64_1.0.0.202411102158/tools/bin/../lib/gcc/arm-none-eabi/13.3.1/../../../../arm-none-eabi/lib/thumb/v7e-m+dp/hard/libc_nano.a(libc_a-nano-vfprintf_i.o)
                              /Applications/STM32CubeIDE.app/Contents/Eclipse/plugins/com.st.stm32cube.ide.mcu.externaltools.gnu-tools-for-stm32.13.3.rel1.macos64_1.0.0.202411102158/tools/bin/../lib/gcc/arm-none-eabi/13.3.1/../../../../arm-none-eabi/lib/thumb/v7e-m+dp/hard/libc_nano.a(libc_a-nano-vfprintf_float.o) (_printf_common)
/Applications/STM32CubeIDE.app/Contents/Eclipse/plugins/com.st.stm32cube.ide.mcu.externaltools.gnu-tools-for-stm32.13.3.rel1.macos64_1.0.0.202411102158/tools/bin/../lib/gcc/arm-none-eabi/13.3.1/../../../../arm-none-eabi/lib/thumb/v7e-m+dp/hard/libc_nano.a(libc_a-findfp.o)
                              /Applications/STM32CubeIDE.app/Contents/Eclipse/plugins/com.st.stm32cube.ide.mcu.externaltools.gnu-tools-for-stm32.13.3.rel1.macos64_1.0.0.202411102158/tools/bin/../lib/gcc/arm-none-eabi/13.3.1/../../../../arm-none-eabi/lib/thumb/v7e-m+dp/hard/libc_nano.a(libc_a-exit.o) (__stdio_exit_handler)
/Applications/STM32CubeIDE.app/Contents/Eclipse/plugins/com.st.stm32cube.ide.mcu.externaltools.gnu-tools-for-stm32.13.3.rel1.macos64_1.0.0.202411102158/tools/bin/../lib/gcc/arm-none-eabi/13.3.1/../../../../arm-none-eabi/lib/thumb/v7e-m+dp/hard/libc_nano.a(libc_a-fwalk.o)
                              /Applications/STM32CubeIDE.app/Contents/Eclipse/plugins/com.st.stm32cube.ide.mcu.externaltools.gnu-tools-for-stm32.13.3.rel1.macos64_1.0.0.202411102158/tools/bin/../lib/gcc/arm-none-eabi/13.3.1/../../../../arm-none-eabi/lib/thumb/v7e-m+dp/hard/libc_nano.a(libc_a-findfp.o) (_fwalk_sglue)
/Applications/STM32CubeIDE.app/Contents/Eclipse/plugins/com.st.stm32cube.ide.mcu.externaltools.gnu-tools-for-stm32.13.3.rel1.macos64_1.0.0.202411102158/tools/bin/../lib/gcc/arm-none-eabi/13.3.1/../../../../arm-none-eabi/lib/thumb/v7e-m+dp/hard/libc_nano.a(libc_a-printf.o)
                              ./Core/Src/bno055.o (printf)
/Applications/STM32CubeIDE.app/Contents/Eclipse/plugins/com.st.stm32cube.ide.mcu.externaltools.gnu-tools-for-stm32.13.3.rel1.macos64_1.0.0.202411102158/tools/bin/../lib/gcc/arm-none-eabi/13.3.1/../../../../arm-none-eabi/lib/thumb/v7e-m+dp/hard/libc_nano.a(libc_a-puts.o)
                              ./Core/Src/main.o (puts)
/Applications/STM32CubeIDE.app/Contents/Eclipse/plugins/com.st.stm32cube.ide.mcu.externaltools.gnu-tools-for-stm32.13.3.rel1.macos64_1.0.0.202411102158/tools/bin/../lib/gcc/arm-none-eabi/13.3.1/../../../../arm-none-eabi/lib/thumb/v7e-m+dp/hard/libc_nano.a(libc_a-memset.o)
                              /Applications/STM32CubeIDE.app/Contents/Eclipse/plugins/com.st.stm32cube.ide.mcu.externaltools.gnu-tools-for-stm32.13.3.rel1.macos64_1.0.0.202411102158/tools/bin/../lib/gcc/arm-none-eabi/13.3.1/../../../../arm-none-eabi/lib/thumb/v7e-m+dp/hard/crt0.o (memset)
/Applications/STM32CubeIDE.app/Contents/Eclipse/plugins/com.st.stm32cube.ide.mcu.externaltools.gnu-tools-for-stm32.13.3.rel1.macos64_1.0.0.202411102158/tools/bin/../lib/gcc/arm-none-eabi/13.3.1/../../../../arm-none-eabi/lib/thumb/v7e-m+dp/hard/libc_nano.a(libc_a-errno.o)
                              ./Core/Src/syscalls.o (__errno)
/Applications/STM32CubeIDE.app/Contents/Eclipse/plugins/com.st.stm32cube.ide.mcu.externaltools.gnu-tools-for-stm32.13.3.rel1.macos64_1.0.0.202411102158/tools/bin/../lib/gcc/arm-none-eabi/13.3.1/../../../../arm-none-eabi/lib/thumb/v7e-m+dp/hard/libc_nano.a(libc_a-init.o)
                              /Applications/STM32CubeIDE.app/Contents/Eclipse/plugins/com.st.stm32cube.ide.mcu.externaltools.gnu-tools-for-stm32.13.3.rel1.macos64_1.0.0.202411102158/tools/bin/../lib/gcc/arm-none-eabi/13.3.1/../../../../arm-none-eabi/lib/thumb/v7e-m+dp/hard/crt0.o (__libc_init_array)
[...]
Memory Configuration

Name             Origin             Length             Attributes
RAM_D1           0x24000000         0x00080000         xrw
FLASH            0x08000000         0x00100000         xr
DTCMRAM          0x20000000         0x00020000         xrw
RAM_D2           0x30000000         0x00048000         xrw
RAM_D3           0x38000000         0x00010000         xrw
ITCMRAM          0x00000000         0x00010000         xrw
*default*        0x00000000         0xffffffff

Linker script and memory map

LOAD /Applications/STM32CubeIDE.app/Contents/Eclipse/plugins/com.st.stm32cube.ide.mcu.externaltools.gnu-tools-for-stm32.13.3.rel1.macos64_1.0.0.202411102158/tools/bin/../lib/gcc/arm-none-eabi/13.3.1/thumb/v7e-m+dp/hard/crti.o
LOAD /Applications/STM32CubeIDE.app/Contents/Eclipse/plugins/com.st.stm32cube.ide.mcu.externaltools.gnu-tools-for-stm32.13.3.rel1.macos64_1.0.0.202411102158/tools/bin/../lib/gcc/arm-none-eabi/13.3.1/thumb/v7e-m+dp/hard/crtbegin.o
LOAD /Applications/STM32CubeIDE.app/Contents/Eclipse/plugins/com.st.stm32cube.ide.mcu.externaltools.gnu-tools-for-stm32.13.3.rel1.macos64_1.0.0.202411102158/tools/bin/../lib/gcc/arm-none-eabi/13.3.1/../../../../arm-none-eabi/lib/thumb/v7e-m+dp/hard/crt0.o
LOAD ./Common/Src/system_stm32h7xx_dualcore_boot_cm4_cm7.o
LOAD ./Core/Src/DC_motor.o
LOAD ./Core/Src/PID.o
LOAD ./Core/Src/bno055.o
LOAD ./Core/Src/main.o
LOAD ./Core/Src/servo_motor.o
LOAD ./Core/Src/stm32h7xx_hal_msp.o
LOAD ./Core/Src/stm32h7xx_it.o
LOAD ./Core/Src/syscalls.o
LOAD ./Core/Src/sysmem.o
LOAD ./Core/Startup/startup_stm32h755zitx.o
LOAD ./Drivers/STM32H7xx_HAL_Driver/stm32h7xx_hal.o
LOAD ./Drivers/STM32H7xx_HAL_Driver/stm32h7xx_hal_cortex.o
LOAD ./Drivers/STM32H7xx_HAL_Driver/stm32h7xx_hal_dma.o
LOAD ./Drivers/STM32H7xx_HAL_Driver/stm32h7xx_hal_dma_ex.o
LOAD ./Drivers/STM32H7xx_HAL_Driver/stm32h7xx_hal_exti.o
LOAD ./Drivers/STM32H7xx_HAL_Driver/stm32h7xx_hal_flash.o
LOAD ./Drivers/STM32H7xx_HAL_Driver/stm32h7xx_hal_flash_ex.o
LOAD ./Drivers/STM32H7xx_HAL_Driver/stm32h7xx_hal_gpio.o
LOAD ./Drivers/STM32H7xx_HAL_Driver/stm32h7xx_hal_hsem.o
LOAD ./Drivers/STM32H7xx_HAL_Driver/stm32h7xx_hal_i2c.o
LOAD ./Drivers/STM32H7xx_HAL_Driver/stm32h7xx_hal_i2c_ex.o
LOAD ./Drivers/STM32H7xx_HAL_Driver/stm32h7xx_hal_mdma.o
LOAD ./Drivers/STM32H7xx_HAL_Driver/stm32h7xx_hal_pwr.o
LOAD ./Drivers/STM32H7xx_HAL_Driver/stm32h7xx_hal_pwr_ex.o
LOAD ./Drivers/STM32H7xx_HAL_Driver/stm32h7xx_hal_rcc.o
LOAD ./Drivers/STM32H7xx_HAL_Driver/stm32h7xx_hal_rcc_ex.o
LOAD ./Drivers/STM32H7xx_HAL_Driver/stm32h7xx_hal_tim.o
LOAD ./Drivers/STM32H7xx_HAL_Driver/stm32h7xx_hal_tim_ex.o
LOAD ./Drivers/STM32H7xx_HAL_Driver/stm32h7xx_hal_uart.o
LOAD ./Drivers/STM32H7xx_HAL_Driver/stm32h7xx_hal_uart_ex.o
START GROUP
LOAD /Applications/STM32CubeIDE.app/Contents/Eclipse/plugins/com.st.stm32cube.ide.mcu.externaltools.gnu-tools-for-stm32.13.3.rel1.macos64_1.0.0.202411102158/tools/bin/../lib/gcc/arm-none-eabi/13.3.1/../../../../arm-none-eabi/lib/thumb/v7e-m+dp/hard/libc_nano.a
LOAD /Applications/STM32CubeIDE.app/Contents/Eclipse/plugins/com.st.stm32cube.ide.mcu.externaltools.gnu-tools-for-stm32.13.3.rel1.macos64_1.0.0.202411102158/tools/bin/../lib/gcc/arm-none-eabi/13.3.1/../../../../arm-none-eabi/lib/thumb/v7e-m+dp/hard/libm.a
END GROUP
START GROUP
LOAD /Applications/STM32CubeIDE.app/Contents/Eclipse/plugins/com.st.stm32cube.ide.mcu.externaltools.gnu-tools-for-stm32.13.3.rel1.macos64_1.0.0.202411102158/tools/bin/../lib/gcc/arm-none-eabi/13.3.1/thumb/v7e-m+dp/hard/libgcc.a
LOAD /Applications/STM32CubeIDE.app/Contents/Eclipse/plugins/com.st.stm32cube.ide.mcu.externaltools.gnu-tools-for-stm32.13.3.rel1.macos64_1.0.0.202411102158/tools/bin/../lib/gcc/arm-none-eabi/13.3.1/../../../../arm-none-eabi/lib/thumb/v7e-m+dp/hard/libc_nano.a
END GROUP
START GROUP
LOAD /Applications/STM32CubeIDE.app/Contents/Eclipse/plugins/com.st.stm32cube.ide.mcu.externaltools.gnu-tools-for-stm32.13.3.rel1.macos64_1.0.0.202411102158/tools/bin/../lib/gcc/arm-none-eabi/13.3.1/thumb/v7e-m+dp/hard/libgcc.a
LOAD /Applications/STM32CubeIDE.app/Contents/Eclipse/plugins/com.st.stm32cube.ide.mcu.externaltools.gnu-tools-for-stm32.13.3.rel1.macos64_1.0.0.202411102158/tools/bin/../lib/gcc/arm-none-eabi/13.3.1/../../../../arm-none-eabi/lib/thumb/v7e-m+dp/hard/libc_nano.a
LOAD /Applications/STM32CubeIDE.app/Contents/Eclipse/plugins/com.st.stm32cube.ide.mcu.externaltools.gnu-tools-for-stm32.13.3.rel1.macos64_1.0.0.202411102158/tools/bin/../lib/gcc/arm-none-eabi/13.3.1/../../../../arm-none-eabi/lib/thumb/v7e-m+dp/hard/libnosys.a
END GROUP
START GROUP
LOAD /Applications/STM32CubeIDE.app/Contents/Eclipse/plugins/com.st.stm32cube.ide.mcu.externaltools.gnu-tools-for-stm32.13.3.rel1.macos64_1.0.0.202411102158/tools/bin/../lib/gcc/arm-none-eabi/13.3.1/thumb/v7e-m+dp/hard/libgcc.a
LOAD /Applications/STM32CubeIDE.app/Contents/Eclipse/plugins/com.st.stm32cube.ide.mcu.externaltools.gnu-tools-for-stm32.13.3.rel1.macos64_1.0.0.202411102158/tools/bin/../lib/gcc/arm-none-eabi/13.3.1/../../../../arm-none-eabi/lib/thumb/v7e-m+dp/hard/libc_nano.a
LOAD /Applications/STM32CubeIDE.app/Contents/Eclipse/plugins/com.st.stm32cube.ide.mcu.externaltools.gnu-tools-for-stm32.13.3.rel1.macos64_1.0.0.202411102158/tools/bin/../lib/gcc/arm-none-eabi/13.3.1/../../../../arm-none-eabi/lib/thumb/v7e-m+dp/hard/libnosys.a
END GROUP
LOAD /Applications/STM32CubeIDE.app/Contents/Eclipse/plugins/com.st.stm32cube.ide.mcu.externaltools.gnu-tools-for-stm32.13.3.rel1.macos64_1.0.0.202411102158/tools/bin/../lib/gcc/arm-none-eabi/13.3.1/thumb/v7e-m+dp/hard/crtend.o
LOAD /Applications/STM32CubeIDE.app/Contents/Eclipse/plugins/com.st.stm32cube.ide.mcu.externaltools.gnu-tools-for-stm32.13.3.rel1.macos64_1.0.0.202411102158/tools/bin/../lib/gcc/arm-none-eabi/13.3.1/thumb/v7e-m+dp/hard/crtn.o
                0x24080000                        _estack = (ORIGIN (RAM_D1) + LENGTH (RAM_D1))
                0x00000200                        _Min_Heap_Size = 0x200
                0x00000400                        _Min_Stack_Size = 0x400

.isr_vector     0x08000000      0x298
                0x08000000                        . = ALIGN (0x4)
 *(.isr_vector)
 .isr_vector    0x08000000      0x298 ./Core/Startup/startup_stm32h755zitx.o
                0x08000000                g_pfnVectors
                0x08000298                        . = ALIGN (0x4)

.text           0x080002a0     0xc6dc
                0x080002a0                        . = ALIGN (0x4)
 *(.text)
 .text          0x080002a0       0x40 /Applications/STM32CubeIDE.app/Contents/Eclipse/plugins/com.st.stm32cube.ide.mcu.externaltools.gnu-tools-for-stm32.13.3.rel1.macos64_1.0.0.202411102158/tools/bin/../lib/gcc/arm-none-eabi/13.3.1/thumb/v7e-m+dp/hard/crtbegin.o
 .text          0x080002e0       0xa0 /Applications/STM32CubeIDE.app/Contents/Eclipse/plugins/com.st.stm32cube.ide.mcu.externaltools.gnu-tools-for-stm32.13.3.rel1.macos64_1.0.0.202411102158/tools/bin/../lib/gcc/arm-none-eabi/13.3.1/../../../../arm-none-eabi/lib/thumb/v7e-m+dp/hard/libc_nano.a(libc_a-memchr.o)
                0x080002e0                memchr
 .text          0x08000380       0x10 /Applications/STM32CubeIDE.app/Contents/Eclipse/plugins/com.st.stm32cube.ide.mcu.externaltools.gnu-tools-for-stm32.13.3.rel1.macos64_1.0.0.202411102158/tools/bin/../lib/gcc/arm-none-eabi/13.3.1/../../../../arm-none-eabi/lib/thumb/v7e-m+dp/hard/libc_nano.a(libc_a-strlen.o)
                0x08000380                strlen
 .text          0x08000390       0x30 /Applications/STM32CubeIDE.app/Contents/Eclipse/plugins/com.st.stm32cube.ide.mcu.externaltools.gnu-tools-for-stm32.13.3.rel1.macos64_1.0.0.202411102158/tools/bin/../lib/gcc/arm-none-eabi/13.3.1/thumb/v7e-m+dp/hard/libgcc.a(_aeabi_uldivmod.o)
                0x08000390                __aeabi_uldivmod
 .text          0x080003c0      0x2f8 /Applications/STM32CubeIDE.app/Contents/Eclipse/plugins/com.st.stm32cube.ide.mcu.externaltools.gnu-tools-for-stm32.13.3.rel1.macos64_1.0.0.202411102158/tools/bin/../lib/gcc/arm-none-eabi/13.3.1/thumb/v7e-m+dp/hard/libgcc.a(_udivmoddi4.o)
                0x080003c0                __udivmoddi4
 .text          0x080006b8        0x4 /Applications/STM32CubeIDE.app/Contents/Eclipse/plugins/com.st.stm32cube.ide.mcu.externaltools.gnu-tools-for-stm32.13.3.rel1.macos64_1.0.0.202411102158/tools/bin/../lib/gcc/arm-none-eabi/13.3.1/thumb/v7e-m+dp/hard/libgcc.a(_dvmd_tls.o)
                0x080006b8                __aeabi_ldiv0
                0x080006b8                __aeabi_idiv0
 *(.text*)
 .text.SystemInit
                0x080006bc      0x15c ./Common/Src/system_stm32h7xx_dualcore_boot_cm4_cm7.o
                0x080006bc                SystemInit
 .text.ExitRun0Mode
                0x08000818       0x30 ./Common/Src/system_stm32h7xx_dualcore_boot_cm4_cm7.o
                0x08000818                ExitRun0Mode
 .text.DegreeSec2RPM
                0x08000848       0x40 ./Core/Src/DC_motor.o
                0x08000848                DegreeSec2RPM
 .text.Voltage2Duty
                0x08000888       0x6c ./Core/Src/DC_motor.o
                0x08000888                Voltage2Duty
 .text.set_PWM_and_dir
                0x080008f4       0x60 ./Core/Src/DC_motor.o
                0x080008f4                set_PWM_and_dir
 .text.init_PID
                0x08000954       0x42 ./Core/Src/PID.o
                0x08000954                init_PID
 .text.tune_PID
                0x08000996       0x32 ./Core/Src/PID.o
                0x08000996                tune_PID
 .text.PID_controller
                0x080009c8       0xf6 ./Core/Src/PID.o
                0x080009c8                PID_controller
 .text.bno055_setPage
                0x08000abe       0x1c ./Core/Src/bno055.o
                0x08000abe                bno055_setPage
 .text.bno055_setOperationMode
                0x08000ada       0x30 ./Core/Src/bno055.o
                0x08000ada                bno055_setOperationMode
 .text.bno055_setOperationModeConfig
                0x08000b0a        0xe ./Core/Src/bno055.o
                0x08000b0a                bno055_setOperationModeConfig
 .text.bno055_setOperationModeNDOF
                0x08000b18        0xe ./Core/Src/bno055.o
                0x08000b18                bno055_setOperationModeNDOF
 .text.bno055_reset
                0x08000b26       0x18 ./Core/Src/bno055.o
                0x08000b26                bno055_reset
 *fill*         0x08000b3e        0x2 
 .text.bno055_setup
                0x08000b40       0x50 ./Core/Src/bno055.o
                0x08000b40                bno055_setup
 .text.bno055_getVector
                0x08000b90      0x26c ./Core/Src/bno055.o
                0x08000b90                bno055_getVector
 .text.bno055_getVectorGyroscope
                0x08000dfc       0x66 ./Core/Src/bno055.o
                0x08000dfc                bno055_getVectorGyroscope
 *fill*         0x08000e62        0x2 
 .text.bno055_assignI2C
                0x08000e64       0x20 ./Core/Src/main.o
                0x08000e64                bno055_assignI2C
 .text.bno055_delay
                0x08000e84       0x18 ./Core/Src/main.o
                0x08000e84                bno055_delay
 .text.bno055_writeData
                0x08000e9c      0x1b8 ./Core/Src/main.o
                0x08000e9c                bno055_writeData
 .text.bno055_readData
                0x08001054       0x98 ./Core/Src/main.o
                0x08001054                bno055_readData
 *fill*         0x080010ec        0x4 
 .text.main     0x080010f0      0xaa8 ./Core/Src/main.o
                0x080010f0                main
 .text.SystemClock_Config
                0x08001b98       0xd4 ./Core/Src/main.o
                0x08001b98                SystemClock_Config
 .text.MX_I2C2_Init
                0x08001c6c       0x80 ./Core/Src/main.o
 .text.MX_TIM1_Init
                0x08001cec      0x120 ./Core/Src/main.o
 .text.MX_TIM2_Init
                0x08001e0c       0xb8 ./Core/Src/main.o
 .text.MX_TIM3_Init
                0x08001ec4       0xb4 ./Core/Src/main.o
 .text.MX_TIM4_Init
                0x08001f78       0xac ./Core/Src/main.o
 .text.MX_TIM5_Init
                0x08002024       0xc0 ./Core/Src/main.o
 .text.MX_TIM6_Init
                0x080020e4       0x6c ./Core/Src/main.o
 .text.MX_USART3_UART_Init
                0x08002150       0x98 ./Core/Src/main.o
 .text.MX_GPIO_Init
                0x080021e8      0x18c ./Core/Src/main.o
 .text.HAL_TIM_PeriodElapsedCallback
                0x08002374       0x74 ./Core/Src/main.o
                0x08002374                HAL_TIM_PeriodElapsedCallback
 .text._write   0x080023e8       0x2c ./Core/Src/main.o
                0x080023e8                _write
 .text.HAL_TIM_IC_CaptureCallback
                0x08002414      0x1b8 ./Core/Src/main.o
                0x08002414                HAL_TIM_IC_CaptureCallback
 .text.Error_Handler
                0x080025cc        0xc ./Core/Src/main.o
                0x080025cc                Error_Handler
 .text.servo_motor
                0x080025d8       0xf8 ./Core/Src/servo_motor.o
                0x080025d8                servo_motor
 .text.HAL_MspInit
                0x080026d0       0x34 ./Core/Src/stm32h7xx_hal_msp.o
                0x080026d0                HAL_MspInit
 .text.HAL_I2C_MspInit
                0x08002704       0xd4 ./Core/Src/stm32h7xx_hal_msp.o
                0x08002704                HAL_I2C_MspInit
 .text.HAL_TIM_PWM_MspInit
                0x080027d8       0x74 ./Core/Src/stm32h7xx_hal_msp.o
                0x080027d8                HAL_TIM_PWM_MspInit
 .text.HAL_TIM_IC_MspInit
                0x0800284c      0x15c ./Core/Src/stm32h7xx_hal_msp.o
                0x0800284c                HAL_TIM_IC_MspInit
 .text.HAL_TIM_Encoder_MspInit
                0x080029a8       0x94 ./Core/Src/stm32h7xx_hal_msp.o
                0x080029a8                HAL_TIM_Encoder_MspInit
 .text.HAL_TIM_Base_MspInit
                0x08002a3c       0x50 ./Core/Src/stm32h7xx_hal_msp.o
                0x08002a3c                HAL_TIM_Base_MspInit
 .text.HAL_TIM_MspPostInit
                0x08002a8c       0xc8 ./Core/Src/stm32h7xx_hal_msp.o
                0x08002a8c                HAL_TIM_MspPostInit
 .text.HAL_UART_MspInit
                0x08002b54       0xd4 ./Core/Src/stm32h7xx_hal_msp.o
                0x08002b54                HAL_UART_MspInit
 .text.NMI_Handler
                0x08002c28        0x8 ./Core/Src/stm32h7xx_it.o
                0x08002c28                NMI_Handler
 .text.HardFault_Handler
                0x08002c30        0x8 ./Core/Src/stm32h7xx_it.o
                0x08002c30                HardFault_Handler
 .text.MemManage_Handler
                0x08002c38        0x8 ./Core/Src/stm32h7xx_it.o
                0x08002c38                MemManage_Handler
 .text.BusFault_Handler
                0x08002c40        0x8 ./Core/Src/stm32h7xx_it.o
                0x08002c40                BusFault_Handler
 .text.UsageFault_Handler
                0x08002c48        0x8 ./Core/Src/stm32h7xx_it.o
                0x08002c48                UsageFault_Handler
 .text.SVC_Handler
                0x08002c50        0xe ./Core/Src/stm32h7xx_it.o
                0x08002c50                SVC_Handler
 .text.DebugMon_Handler
                0x08002c5e        0xe ./Core/Src/stm32h7xx_it.o
                0x08002c5e                DebugMon_Handler
 .text.PendSV_Handler
                0x08002c6c        0xe ./Core/Src/stm32h7xx_it.o
                0x08002c6c                PendSV_Handler
 .text.SysTick_Handler
                0x08002c7a        0xc ./Core/Src/stm32h7xx_it.o
                0x08002c7a                SysTick_Handler
 *fill*         0x08002c86        0x2 
 .text.TIM2_IRQHandler
                0x08002c88       0x14 ./Core/Src/stm32h7xx_it.o
                0x08002c88                TIM2_IRQHandler
 .text.TIM5_IRQHandler
                0x08002c9c       0x14 ./Core/Src/stm32h7xx_it.o
                0x08002c9c                TIM5_IRQHandler
 .text.TIM6_DAC_IRQHandler
                0x08002cb0       0x14 ./Core/Src/stm32h7xx_it.o
                0x08002cb0                TIM6_DAC_IRQHandler
 .text._getpid  0x08002cc4       0x10 ./Core/Src/syscalls.o
                0x08002cc4                _getpid
 .text._kill    0x08002cd4       0x20 ./Core/Src/syscalls.o
                0x08002cd4                _kill
 .text._exit    0x08002cf4       0x16 ./Core/Src/syscalls.o
                0x08002cf4                _exit
 .text._read    0x08002d0a       0x3a ./Core/Src/syscalls.o
                0x08002d0a                _read
 .text._close   0x08002d44       0x18 ./Core/Src/syscalls.o
                0x08002d44                _close
 .text._fstat   0x08002d5c       0x20 ./Core/Src/syscalls.o
                0x08002d5c                _fstat
 .text._isatty  0x08002d7c       0x16 ./Core/Src/syscalls.o
                0x08002d7c                _isatty
 .text._lseek   0x08002d92       0x1a ./Core/Src/syscalls.o
                0x08002d92                _lseek
 .text._sbrk    0x08002dac       0x6c ./Core/Src/sysmem.o
                0x08002dac                _sbrk
 .text.Reset_Handler
                0x08002e18       0x54 ./Core/Startup/startup_stm32h755zitx.o
                0x08002e18                Reset_Handler
 .text.Default_Handler
                0x08002e6c        0x2 ./Core/Startup/startup_stm32h755zitx.o
                0x08002e6c                DMA1_Stream3_IRQHandler
                0x08002e6c                HASH_RNG_IRQHandler
                0x08002e6c                EXTI2_IRQHandler
                0x08002e6c                TIM8_CC_IRQHandler
                0x08002e6c                HRTIM1_Master_IRQHandler
                0x08002e6c                UART8_IRQHandler
                0x08002e6c                SPI4_IRQHandler
                0x08002e6c                TIM1_CC_IRQHandler
                0x08002e6c                BDMA_Channel6_IRQHandler
                0x08002e6c                DMA2_Stream5_IRQHandler
                0x08002e6c                HRTIM1_FLT_IRQHandler
                0x08002e6c                JPEG_IRQHandler
                0x08002e6c                DMA1_Stream5_IRQHandler
                0x08002e6c                BDMA_Channel1_IRQHandler
                0x08002e6c                HRTIM1_TIMD_IRQHandler
                0x08002e6c                TAMP_STAMP_IRQHandler
                0x08002e6c                EXTI3_IRQHandler
                0x08002e6c                LPTIM4_IRQHandler
                0x08002e6c                TIM8_TRG_COM_TIM14_IRQHandler
                0x08002e6c                LPTIM2_IRQHandler
                0x08002e6c                DFSDM1_FLT1_IRQHandler
                0x08002e6c                DMAMUX2_OVR_IRQHandler
                0x08002e6c                TIM8_UP_TIM13_IRQHandler
                0x08002e6c                I2C3_ER_IRQHandler
                0x08002e6c                DFSDM1_FLT2_IRQHandler
                0x08002e6c                MDMA_IRQHandler
                0x08002e6c                LPTIM3_IRQHandler
                0x08002e6c                HSEM1_IRQHandler
                0x08002e6c                EXTI0_IRQHandler
                0x08002e6c                I2C2_EV_IRQHandler
                0x08002e6c                DMA1_Stream2_IRQHandler
                0x08002e6c                FPU_IRQHandler
                0x08002e6c                OTG_HS_WKUP_IRQHandler
                0x08002e6c                FDCAN1_IT1_IRQHandler
                0x08002e6c                LTDC_ER_IRQHandler
                0x08002e6c                DMA2_Stream2_IRQHandler
                0x08002e6c                HRTIM1_TIME_IRQHandler
                0x08002e6c                SPI1_IRQHandler
                0x08002e6c                DCMI_IRQHandler
                0x08002e6c                HRTIM1_TIMC_IRQHandler
                0x08002e6c                DMA2_Stream3_IRQHandler
                0x08002e6c                SAI2_IRQHandler
                0x08002e6c                DFSDM1_FLT3_IRQHandler
                0x08002e6c                USART6_IRQHandler
                0x08002e6c                TIM17_IRQHandler
                0x08002e6c                USART3_IRQHandler
                0x08002e6c                BDMA_Channel7_IRQHandler
                0x08002e6c                CRYP_IRQHandler
                0x08002e6c                LPTIM5_IRQHandler
                0x08002e6c                UART5_IRQHandler
                0x08002e6c                ADC3_IRQHandler
                0x08002e6c                DMA2_Stream0_IRQHandler
                0x08002e6c                TIM4_IRQHandler
                0x08002e6c                BDMA_Channel2_IRQHandler
                0x08002e6c                QUADSPI_IRQHandler
                0x08002e6c                I2C1_EV_IRQHandler
                0x08002e6c                DMA1_Stream6_IRQHandler
                0x08002e6c                DMAMUX1_OVR_IRQHandler
                0x08002e6c                DMA1_Stream1_IRQHandler
                0x08002e6c                TIM16_IRQHandler
                0x08002e6c                UART4_IRQHandler
                0x08002e6c                BDMA_Channel5_IRQHandler
                0x08002e6c                TIM3_IRQHandler
                0x08002e6c                RCC_IRQHandler
                0x08002e6c                TIM8_BRK_TIM12_IRQHandler
                0x08002e6c                TIM1_TRG_COM_IRQHandler
                0x08002e6c                Default_Handler
                0x08002e6c                ECC_IRQHandler
                0x08002e6c                CEC_IRQHandler
                0x08002e6c                EXTI15_10_IRQHandler
                0x08002e6c                BDMA_Channel0_IRQHandler
                0x08002e6c                ADC_IRQHandler
                0x08002e6c                DMA1_Stream7_IRQHandler
                0x08002e6c                HRTIM1_TIMA_IRQHandler
                0x08002e6c                SPI5_IRQHandler
                0x08002e6c                TIM7_IRQHandler
                0x08002e6c                SDMMC1_IRQHandler
                0x08002e6c                DMA2_Stream7_IRQHandler
                0x08002e6c                TIM15_IRQHandler
                0x08002e6c                PVD_AVD_IRQHandler
                0x08002e6c                I2C3_EV_IRQHandler
                0x08002e6c                EXTI9_5_IRQHandler
                0x08002e6c                RTC_WKUP_IRQHandler
                0x08002e6c                LTDC_IRQHandler
                0x08002e6c                SAI3_IRQHandler
                0x08002e6c                ETH_WKUP_IRQHandler
                0x08002e6c                SPDIF_RX_IRQHandler
                0x08002e6c                SPI2_IRQHandler
                0x08002e6c                OTG_HS_EP1_IN_IRQHandler
                0x08002e6c                DMA1_Stream0_IRQHandler
                0x08002e6c                CRS_IRQHandler
                0x08002e6c                CM7_SEV_IRQHandler
                0x08002e6c                EXTI4_IRQHandler
                0x08002e6c                CM4_SEV_IRQHandler
                0x08002e6c                HRTIM1_TIMB_IRQHandler
                0x08002e6c                FDCAN2_IT1_IRQHandler
                0x08002e6c                ETH_IRQHandler
                0x08002e6c                TIM1_UP_IRQHandler
                0x08002e6c                WWDG_RST_IRQHandler
                0x08002e6c                BDMA_Channel4_IRQHandler
                0x08002e6c                OTG_HS_EP1_OUT_IRQHandler
                0x08002e6c                WWDG_IRQHandler
                0x08002e6c                SPI6_IRQHandler
                0x08002e6c                MDIOS_IRQHandler
                0x08002e6c                I2C4_EV_IRQHandler
                0x08002e6c                FDCAN2_IT0_IRQHandler
                0x08002e6c                LPUART1_IRQHandler
                0x08002e6c                FDCAN1_IT0_IRQHandler
                0x08002e6c                OTG_FS_WKUP_IRQHandler
                0x08002e6c                OTG_HS_IRQHandler
                0x08002e6c                HSEM2_IRQHandler
                0x08002e6c                DMA2D_IRQHandler
                0x08002e6c                TIM1_BRK_IRQHandler
                0x08002e6c                EXTI1_IRQHandler
                0x08002e6c                SDMMC2_IRQHandler
                0x08002e6c                OTG_FS_EP1_OUT_IRQHandler
                0x08002e6c                BDMA_Channel3_IRQHandler
                0x08002e6c                HOLD_CORE_IRQHandler
                0x08002e6c                UART7_IRQHandler
                0x08002e6c                MDIOS_WKUP_IRQHandler
                0x08002e6c                USART2_IRQHandler
                0x08002e6c                DFSDM1_FLT0_IRQHandler
                0x08002e6c                SAI4_IRQHandler
                0x08002e6c                I2C2_ER_IRQHandler
                0x08002e6c                DMA2_Stream1_IRQHandler
                0x08002e6c                FLASH_IRQHandler
                0x08002e6c                DMA2_Stream4_IRQHandler
                0x08002e6c                USART1_IRQHandler
                0x08002e6c                OTG_FS_IRQHandler
                0x08002e6c                SPI3_IRQHandler
                0x08002e6c                WAKEUP_PIN_IRQHandler
                0x08002e6c                DMA1_Stream4_IRQHandler
                0x08002e6c                OTG_FS_EP1_IN_IRQHandler
                0x08002e6c                I2C1_ER_IRQHandler
                0x08002e6c                FMC_IRQHandler
                0x08002e6c                FDCAN_CAL_IRQHandler
                0x08002e6c                SWPMI1_IRQHandler
                0x08002e6c                COMP1_IRQHandler
                0x08002e6c                LPTIM1_IRQHandler
                0x08002e6c                I2C4_ER_IRQHandler
                0x08002e6c                DMA2_Stream6_IRQHandler
                0x08002e6c                SAI1_IRQHandler
                0x08002e6c                RTC_Alarm_IRQHandler
 *fill*         0x08002e6e        0x2 
 .text.HAL_Init
                0x08002e70       0x78 ./Drivers/STM32H7xx_HAL_Driver/stm32h7xx_hal.o
                0x08002e70                HAL_Init
 .text.HAL_InitTick
                0x08002ee8       0x6c ./Drivers/STM32H7xx_HAL_Driver/stm32h7xx_hal.o
                0x08002ee8                HAL_InitTick
 .text.HAL_IncTick
                0x08002f54       0x28 ./Drivers/STM32H7xx_HAL_Driver/stm32h7xx_hal.o
                0x08002f54                HAL_IncTick
 .text.HAL_GetTick
                0x08002f7c       0x18 ./Drivers/STM32H7xx_HAL_Driver/stm32h7xx_hal.o
                0x08002f7c                HAL_GetTick
 .text.HAL_Delay
                0x08002f94       0x48 ./Drivers/STM32H7xx_HAL_Driver/stm32h7xx_hal.o
                0x08002f94                HAL_Delay
 .text.HAL_GetREVID
                0x08002fdc       0x18 ./Drivers/STM32H7xx_HAL_Driver/stm32h7xx_hal.o
                0x08002fdc                HAL_GetREVID
 .text.__NVIC_SetPriorityGrouping
                0x08002ff4       0x48 ./Drivers/STM32H7xx_HAL_Driver/stm32h7xx_hal_cortex.o
 .text.__NVIC_GetPriorityGrouping
                0x0800303c       0x1c ./Drivers/STM32H7xx_HAL_Driver/stm32h7xx_hal_cortex.o
 .text.__NVIC_EnableIRQ
                0x08003058       0x3c ./Drivers/STM32H7xx_HAL_Driver/stm32h7xx_hal_cortex.o
 .text.__NVIC_SetPriority
                0x08003094       0x54 ./Drivers/STM32H7xx_HAL_Driver/stm32h7xx_hal_cortex.o
 .text.NVIC_EncodePriority
                0x080030e8       0x66 ./Drivers/STM32H7xx_HAL_Driver/stm32h7xx_hal_cortex.o
 *fill*         0x0800314e        0x2 
 .text.SysTick_Config
                0x08003150       0x44 ./Drivers/STM32H7xx_HAL_Driver/stm32h7xx_hal_cortex.o
 .text.HAL_NVIC_SetPriorityGrouping
                0x08003194       0x16 ./Drivers/STM32H7xx_HAL_Driver/stm32h7xx_hal_cortex.o
                0x08003194                HAL_NVIC_SetPriorityGrouping
 .text.HAL_NVIC_SetPriority
                0x080031aa       0x34 ./Drivers/STM32H7xx_HAL_Driver/stm32h7xx_hal_cortex.o
                0x080031aa                HAL_NVIC_SetPriority
 .text.HAL_NVIC_EnableIRQ
                0x080031de       0x1c ./Drivers/STM32H7xx_HAL_Driver/stm32h7xx_hal_cortex.o
                0x080031de                HAL_NVIC_EnableIRQ
 .text.HAL_SYSTICK_Config
                0x080031fa       0x18 ./Drivers/STM32H7xx_HAL_Driver/stm32h7xx_hal_cortex.o
                0x080031fa                HAL_SYSTICK_Config
 *fill*         0x08003212        0x2 
 .text.HAL_GPIO_Init
                0x08003214      0x360 ./Drivers/STM32H7xx_HAL_Driver/stm32h7xx_hal_gpio.o
                0x08003214                HAL_GPIO_Init
 .text.HAL_GPIO_WritePin
                0x08003574       0x32 ./Drivers/STM32H7xx_HAL_Driver/stm32h7xx_hal_gpio.o
                0x08003574                HAL_GPIO_WritePin
 *fill*         0x080035a6        0x2 
 .text.HAL_HSEM_FastTake
                0x080035a8       0x34 ./Drivers/STM32H7xx_HAL_Driver/stm32h7xx_hal_hsem.o
                0x080035a8                HAL_HSEM_FastTake
 .text.HAL_HSEM_Release
                0x080035dc       0x28 ./Drivers/STM32H7xx_HAL_Driver/stm32h7xx_hal_hsem.o
                0x080035dc                HAL_HSEM_Release
 .text.HAL_I2C_Init
                0x08003604      0x138 ./Drivers/STM32H7xx_HAL_Driver/stm32h7xx_hal_i2c.o
                0x08003604                HAL_I2C_Init
 .text.HAL_I2C_Master_Transmit
                0x0800373c      0x230 ./Drivers/STM32H7xx_HAL_Driver/stm32h7xx_hal_i2c.o
                0x0800373c                HAL_I2C_Master_Transmit
 .text.HAL_I2C_Master_Receive
                0x0800396c      0x1ec ./Drivers/STM32H7xx_HAL_Driver/stm32h7xx_hal_i2c.o
                0x0800396c                HAL_I2C_Master_Receive
 .text.HAL_I2C_IsDeviceReady
                0x08003b58      0x20c ./Drivers/STM32H7xx_HAL_Driver/stm32h7xx_hal_i2c.o
                0x08003b58                HAL_I2C_IsDeviceReady
 .text.HAL_I2C_GetState
                0x08003d64       0x1c ./Drivers/STM32H7xx_HAL_Driver/stm32h7xx_hal_i2c.o
                0x08003d64                HAL_I2C_GetState
 .text.HAL_I2C_GetError
                0x08003d80       0x18 ./Drivers/STM32H7xx_HAL_Driver/stm32h7xx_hal_i2c.o
                0x08003d80                HAL_I2C_GetError
 .text.I2C_Flush_TXDR
                0x08003d98       0x48 ./Drivers/STM32H7xx_HAL_Driver/stm32h7xx_hal_i2c.o
 .text.I2C_WaitOnFlagUntilTimeout
                0x08003de0       0xb2 ./Drivers/STM32H7xx_HAL_Driver/stm32h7xx_hal_i2c.o
 .text.I2C_WaitOnTXISFlagUntilTimeout
                0x08003e92       0x8e ./Drivers/STM32H7xx_HAL_Driver/stm32h7xx_hal_i2c.o
 .text.I2C_WaitOnSTOPFlagUntilTimeout
                0x08003f20       0x86 ./Drivers/STM32H7xx_HAL_Driver/stm32h7xx_hal_i2c.o
 *fill*         0x08003fa6        0x2 
 .text.I2C_WaitOnRXNEFlagUntilTimeout
                0x08003fa8      0x118 ./Drivers/STM32H7xx_HAL_Driver/stm32h7xx_hal_i2c.o
 .text.I2C_IsErrorOccurred
                0x080040c0      0x1c0 ./Drivers/STM32H7xx_HAL_Driver/stm32h7xx_hal_i2c.o
 .text.I2C_TransferConfig
                0x08004280       0x64 ./Drivers/STM32H7xx_HAL_Driver/stm32h7xx_hal_i2c.o
 .text.HAL_I2CEx_ConfigAnalogFilter
                0x080042e4       0x96 ./Drivers/STM32H7xx_HAL_Driver/stm32h7xx_hal_i2c_ex.o
                0x080042e4                HAL_I2CEx_ConfigAnalogFilter
 .text.HAL_I2CEx_ConfigDigitalFilter
                0x0800437a       0x98 ./Drivers/STM32H7xx_HAL_Driver/stm32h7xx_hal_i2c_ex.o
                0x0800437a                HAL_I2CEx_ConfigDigitalFilter
 *fill*         0x08004412        0x2 
 .text.HAL_PWREx_ConfigSupply
                0x08004414       0xb4 ./Drivers/STM32H7xx_HAL_Driver/stm32h7xx_hal_pwr_ex.o
                0x08004414                HAL_PWREx_ConfigSupply
 .text.HAL_RCC_OscConfig
                0x080044c8      0x8b4 ./Drivers/STM32H7xx_HAL_Driver/stm32h7xx_hal_rcc.o
                0x080044c8                HAL_RCC_OscConfig
 .text.HAL_RCC_ClockConfig
                0x08004d7c      0x36c ./Drivers/STM32H7xx_HAL_Driver/stm32h7xx_hal_rcc.o
                0x08004d7c                HAL_RCC_ClockConfig
 .text.HAL_RCC_GetSysClockFreq
                0x080050e8      0x2f4 ./Drivers/STM32H7xx_HAL_Driver/stm32h7xx_hal_rcc.o
                0x080050e8                HAL_RCC_GetSysClockFreq
 .text.HAL_RCC_GetHCLKFreq
                0x080053dc       0x60 ./Drivers/STM32H7xx_HAL_Driver/stm32h7xx_hal_rcc.o
                0x080053dc                HAL_RCC_GetHCLKFreq
 .text.HAL_RCC_GetPCLK1Freq
                0x0800543c       0x2c ./Drivers/STM32H7xx_HAL_Driver/stm32h7xx_hal_rcc.o
                0x0800543c                HAL_RCC_GetPCLK1Freq
 .text.HAL_RCC_GetPCLK2Freq
                0x08005468       0x2c ./Drivers/STM32H7xx_HAL_Driver/stm32h7xx_hal_rcc.o
                0x08005468                HAL_RCC_GetPCLK2Freq
 .text.HAL_RCCEx_PeriphCLKConfig
                0x08005494     0x1414 ./Drivers/STM32H7xx_HAL_Driver/stm32h7xx_hal_rcc_ex.o
                0x08005494                HAL_RCCEx_PeriphCLKConfig
 .text.HAL_RCCEx_GetD3PCLK1Freq
                0x080068a8       0x2c ./Drivers/STM32H7xx_HAL_Driver/stm32h7xx_hal_rcc_ex.o
                0x080068a8                HAL_RCCEx_GetD3PCLK1Freq
 .text.HAL_RCCEx_GetPLL2ClockFreq
                0x080068d4      0x2a8 ./Drivers/STM32H7xx_HAL_Driver/stm32h7xx_hal_rcc_ex.o
                0x080068d4                HAL_RCCEx_GetPLL2ClockFreq
 .text.HAL_RCCEx_GetPLL3ClockFreq
                0x08006b7c      0x2a8 ./Drivers/STM32H7xx_HAL_Driver/stm32h7xx_hal_rcc_ex.o
                0x08006b7c                HAL_RCCEx_GetPLL3ClockFreq
 .text.RCCEx_PLL2_Config
                0x08006e24      0x164 ./Drivers/STM32H7xx_HAL_Driver/stm32h7xx_hal_rcc_ex.o
 .text.RCCEx_PLL3_Config
                0x08006f88      0x164 ./Drivers/STM32H7xx_HAL_Driver/stm32h7xx_hal_rcc_ex.o
 .text.HAL_TIM_Base_Init
                0x080070ec       0xae ./Drivers/STM32H7xx_HAL_Driver/stm32h7xx_hal_tim.o
                0x080070ec                HAL_TIM_Base_Init
 *fill*         0x0800719a        0x2 
 .text.HAL_TIM_Base_Start_IT
                0x0800719c       0xf0 ./Drivers/STM32H7xx_HAL_Driver/stm32h7xx_hal_tim.o
                0x0800719c                HAL_TIM_Base_Start_IT
 .text.HAL_TIM_PWM_Init
                0x0800728c       0xae ./Drivers/STM32H7xx_HAL_Driver/stm32h7xx_hal_tim.o
                0x0800728c                HAL_TIM_PWM_Init
 *fill*         0x0800733a        0x2 
 .text.HAL_TIM_PWM_Start
                0x0800733c      0x21c ./Drivers/STM32H7xx_HAL_Driver/stm32h7xx_hal_tim.o
                0x0800733c                HAL_TIM_PWM_Start
 .text.HAL_TIM_IC_Init
                0x08007558       0xae ./Drivers/STM32H7xx_HAL_Driver/stm32h7xx_hal_tim.o
                0x08007558                HAL_TIM_IC_Init
 *fill*         0x08007606        0x2 
 .text.HAL_TIM_IC_Start_IT
                0x08007608      0x2a0 ./Drivers/STM32H7xx_HAL_Driver/stm32h7xx_hal_tim.o
                0x08007608                HAL_TIM_IC_Start_IT
 .text.HAL_TIM_OnePulse_Init
                0x080078a8       0xa0 ./Drivers/STM32H7xx_HAL_Driver/stm32h7xx_hal_tim.o
                0x080078a8                HAL_TIM_OnePulse_Init
 .text.HAL_TIM_OnePulse_MspInit
                0x08007948       0x14 ./Drivers/STM32H7xx_HAL_Driver/stm32h7xx_hal_tim.o
                0x08007948                HAL_TIM_OnePulse_MspInit
 .text.HAL_TIM_Encoder_Init
                0x0800795c      0x14c ./Drivers/STM32H7xx_HAL_Driver/stm32h7xx_hal_tim.o
                0x0800795c                HAL_TIM_Encoder_Init
 .text.HAL_TIM_Encoder_Start
                0x08007aa8      0x11c ./Drivers/STM32H7xx_HAL_Driver/stm32h7xx_hal_tim.o
                0x08007aa8                HAL_TIM_Encoder_Start
 .text.HAL_TIM_IRQHandler
                0x08007bc4      0x20e ./Drivers/STM32H7xx_HAL_Driver/stm32h7xx_hal_tim.o
                0x08007bc4                HAL_TIM_IRQHandler
 .text.HAL_TIM_IC_ConfigChannel
                0x08007dd2      0x138 ./Drivers/STM32H7xx_HAL_Driver/stm32h7xx_hal_tim.o
                0x08007dd2                HAL_TIM_IC_ConfigChannel
 *fill*         0x08007f0a        0x2 
 .text.HAL_TIM_PWM_ConfigChannel
                0x08007f0c      0x228 ./Drivers/STM32H7xx_HAL_Driver/stm32h7xx_hal_tim.o
                0x08007f0c                HAL_TIM_PWM_ConfigChannel
 .text.HAL_TIM_ReadCapturedValue
                0x08008134       0x88 ./Drivers/STM32H7xx_HAL_Driver/stm32h7xx_hal_tim.o
                0x08008134                HAL_TIM_ReadCapturedValue
 .text.HAL_TIM_OC_DelayElapsedCallback
                0x080081bc       0x14 ./Drivers/STM32H7xx_HAL_Driver/stm32h7xx_hal_tim.o
                0x080081bc                HAL_TIM_OC_DelayElapsedCallback
 .text.HAL_TIM_PWM_PulseFinishedCallback
                0x080081d0       0x14 ./Drivers/STM32H7xx_HAL_Driver/stm32h7xx_hal_tim.o
                0x080081d0                HAL_TIM_PWM_PulseFinishedCallback
 .text.HAL_TIM_TriggerCallback
                0x080081e4       0x14 ./Drivers/STM32H7xx_HAL_Driver/stm32h7xx_hal_tim.o
                0x080081e4                HAL_TIM_TriggerCallback
 .text.TIM_Base_SetConfig
                0x080081f8      0x140 ./Drivers/STM32H7xx_HAL_Driver/stm32h7xx_hal_tim.o
                0x080081f8                TIM_Base_SetConfig
 .text.TIM_OC1_SetConfig
                0x08008338      0x120 ./Drivers/STM32H7xx_HAL_Driver/stm32h7xx_hal_tim.o
 .text.TIM_OC2_SetConfig
                0x08008458      0x114 ./Drivers/STM32H7xx_HAL_Driver/stm32h7xx_hal_tim.o
                0x08008458                TIM_OC2_SetConfig
 .text.TIM_OC3_SetConfig
                0x0800856c      0x110 ./Drivers/STM32H7xx_HAL_Driver/stm32h7xx_hal_tim.o
 .text.TIM_OC4_SetConfig
                0x0800867c       0xd4 ./Drivers/STM32H7xx_HAL_Driver/stm32h7xx_hal_tim.o
 .text.TIM_OC5_SetConfig
                0x08008750       0xc8 ./Drivers/STM32H7xx_HAL_Driver/stm32h7xx_hal_tim.o
 .text.TIM_OC6_SetConfig
                0x08008818       0xcc ./Drivers/STM32H7xx_HAL_Driver/stm32h7xx_hal_tim.o
 .text.TIM_TI1_SetConfig
                0x080088e4       0xe8 ./Drivers/STM32H7xx_HAL_Driver/stm32h7xx_hal_tim.o
                0x080088e4                TIM_TI1_SetConfig
 .text.TIM_TI2_SetConfig
                0x080089cc       0x7a ./Drivers/STM32H7xx_HAL_Driver/stm32h7xx_hal_tim.o
 .text.TIM_TI3_SetConfig
                0x08008a46       0x78 ./Drivers/STM32H7xx_HAL_Driver/stm32h7xx_hal_tim.o
 .text.TIM_TI4_SetConfig
                0x08008abe       0x7a ./Drivers/STM32H7xx_HAL_Driver/stm32h7xx_hal_tim.o
 .text.TIM_CCxChannelCmd
                0x08008b38       0x4a ./Drivers/STM32H7xx_HAL_Driver/stm32h7xx_hal_tim.o
                0x08008b38                TIM_CCxChannelCmd
 *fill*         0x08008b82        0x2 
 .text.HAL_TIMEx_MasterConfigSynchronization
                0x08008b84      0x11c ./Drivers/STM32H7xx_HAL_Driver/stm32h7xx_hal_tim_ex.o
                0x08008b84                HAL_TIMEx_MasterConfigSynchronization
 .text.HAL_TIMEx_ConfigBreakDeadTime
                0x08008ca0       0xfc ./Drivers/STM32H7xx_HAL_Driver/stm32h7xx_hal_tim_ex.o
                0x08008ca0                HAL_TIMEx_ConfigBreakDeadTime
 .text.HAL_TIMEx_CommutCallback
                0x08008d9c       0x14 ./Drivers/STM32H7xx_HAL_Driver/stm32h7xx_hal_tim_ex.o
                0x08008d9c                HAL_TIMEx_CommutCallback
 .text.HAL_TIMEx_BreakCallback
                0x08008db0       0x14 ./Drivers/STM32H7xx_HAL_Driver/stm32h7xx_hal_tim_ex.o
                0x08008db0                HAL_TIMEx_BreakCallback
 .text.HAL_TIMEx_Break2Callback
                0x08008dc4       0x14 ./Drivers/STM32H7xx_HAL_Driver/stm32h7xx_hal_tim_ex.o
                0x08008dc4                HAL_TIMEx_Break2Callback
 .text.HAL_UART_Init
                0x08008dd8       0xa0 ./Drivers/STM32H7xx_HAL_Driver/stm32h7xx_hal_uart.o
                0x08008dd8                HAL_UART_Init
 .text.HAL_UART_Transmit
                0x08008e78      0x11c ./Drivers/STM32H7xx_HAL_Driver/stm32h7xx_hal_uart.o
                0x08008e78                HAL_UART_Transmit
 .text.UART_SetConfig
                0x08008f94      0xad0 ./Drivers/STM32H7xx_HAL_Driver/stm32h7xx_hal_uart.o
                0x08008f94                UART_SetConfig
 .text.UART_AdvFeatureConfig
                0x08009a64      0x144 ./Drivers/STM32H7xx_HAL_Driver/stm32h7xx_hal_uart.o
                0x08009a64                UART_AdvFeatureConfig
 .text.UART_CheckIdleState
                0x08009ba8      0x154 ./Drivers/STM32H7xx_HAL_Driver/stm32h7xx_hal_uart.o
                0x08009ba8                UART_CheckIdleState
 .text.UART_WaitOnFlagUntilTimeout
                0x08009cfc       0xda ./Drivers/STM32H7xx_HAL_Driver/stm32h7xx_hal_uart.o
                0x08009cfc                UART_WaitOnFlagUntilTimeout
 *fill*         0x08009dd6        0x2 
 .text.UART_EndRxTransfer
                0x08009dd8       0xcc ./Drivers/STM32H7xx_HAL_Driver/stm32h7xx_hal_uart.o
 .text.HAL_UARTEx_DisableFifoMode
                0x08009ea4       0x72 ./Drivers/STM32H7xx_HAL_Driver/stm32h7xx_hal_uart_ex.o
                0x08009ea4                HAL_UARTEx_DisableFifoMode
 .text.HAL_UARTEx_SetTxFifoThreshold
                0x08009f16       0x7c ./Drivers/STM32H7xx_HAL_Driver/stm32h7xx_hal_uart_ex.o
                0x08009f16                HAL_UARTEx_SetTxFifoThreshold
 .text.HAL_UARTEx_SetRxFifoThreshold
                0x08009f92       0x7c ./Drivers/STM32H7xx_HAL_Driver/stm32h7xx_hal_uart_ex.o
                0x08009f92                HAL_UARTEx_SetRxFifoThreshold
 *fill*         0x0800a00e        0x2 
 .text.UARTEx_SetNbDataToProcess
                0x0800a010       0x9c ./Drivers/STM32H7xx_HAL_Driver/stm32h7xx_hal_uart_ex.o
 .text.__cvt    0x0800a0ac       0xa8 /Applications/STM32CubeIDE.app/Contents/Eclipse/plugins/com.st.stm32cube.ide.mcu.externaltools.gnu-tools-for-stm32.13.3.rel1.macos64_1.0.0.202411102158/tools/bin/../lib/gcc/arm-none-eabi/13.3.1/../../../../arm-none-eabi/lib/thumb/v7e-m+dp/hard/libc_nano.a(libc_a-nano-vfprintf_float.o)
                0x0800a0ac                __cvt
 .text.__exponent
                0x0800a154       0x74 /Applications/STM32CubeIDE.app/Contents/Eclipse/plugins/com.st.stm32cube.ide.mcu.externaltools.gnu-tools-for-stm32.13.3.rel1.macos64_1.0.0.202411102158/tools/bin/../lib/gcc/arm-none-eabi/13.3.1/../../../../arm-none-eabi/lib/thumb/v7e-m+dp/hard/libc_nano.a(libc_a-nano-vfprintf_float.o)
                0x0800a154                __exponent
 .text._printf_float
                0x0800a1c8      0x434 /Applications/STM32CubeIDE.app/Contents/Eclipse/plugins/com.st.stm32cube.ide.mcu.externaltools.gnu-tools-for-stm32.13.3.rel1.macos64_1.0.0.202411102158/tools/bin/../lib/gcc/arm-none-eabi/13.3.1/../../../../arm-none-eabi/lib/thumb/v7e-m+dp/hard/libc_nano.a(libc_a-nano-vfprintf_float.o)
                0x0800a1c8                _printf_float
 .text._printf_common
                0x0800a5fc       0xda /Applications/STM32CubeIDE.app/Contents/Eclipse/plugins/com.st.stm32cube.ide.mcu.externaltools.gnu-tools-for-stm32.13.3.rel1.macos64_1.0.0.202411102158/tools/bin/../lib/gcc/arm-none-eabi/13.3.1/../../../../arm-none-eabi/lib/thumb/v7e-m+dp/hard/libc_nano.a(libc_a-nano-vfprintf_i.o)
                0x0800a5fc                _printf_common
 *fill*         0x0800a6d6        0x2 
 .text._printf_i
                0x0800a6d8      0x23c /Applications/STM32CubeIDE.app/Contents/Eclipse/plugins/com.st.stm32cube.ide.mcu.externaltools.gnu-tools-for-stm32.13.3.rel1.macos64_1.0.0.202411102158/tools/bin/../lib/gcc/arm-none-eabi/13.3.1/../../../../arm-none-eabi/lib/thumb/v7e-m+dp/hard/libc_nano.a(libc_a-nano-vfprintf_i.o)
                0x0800a6d8                _printf_i
 .text.std      0x0800a914       0x6c /Applications/STM32CubeIDE.app/Contents/Eclipse/plugins/com.st.stm32cube.ide.mcu.externaltools.gnu-tools-for-stm32.13.3.rel1.macos64_1.0.0.202411102158/tools/bin/../lib/gcc/arm-none-eabi/13.3.1/../../../../arm-none-eabi/lib/thumb/v7e-m+dp/hard/libc_nano.a(libc_a-findfp.o)
 .text.stdio_exit_handler
                0x0800a980       0x18 /Applications/STM32CubeIDE.app/Contents/Eclipse/plugins/com.st.stm32cube.ide.mcu.externaltools.gnu-tools-for-stm32.13.3.rel1.macos64_1.0.0.202411102158/tools/bin/../lib/gcc/arm-none-eabi/13.3.1/../../../../arm-none-eabi/lib/thumb/v7e-m+dp/hard/libc_nano.a(libc_a-findfp.o)
 .text.cleanup_stdio
                0x0800a998       0x40 /Applications/STM32CubeIDE.app/Contents/Eclipse/plugins/com.st.stm32cube.ide.mcu.externaltools.gnu-tools-for-stm32.13.3.rel1.macos64_1.0.0.202411102158/tools/bin/../lib/gcc/arm-none-eabi/13.3.1/../../../../arm-none-eabi/lib/thumb/v7e-m+dp/hard/libc_nano.a(libc_a-findfp.o)
 .text.global_stdio_init.part.0
                0x0800a9d8       0x3c /Applications/STM32CubeIDE.app/Contents/Eclipse/plugins/com.st.stm32cube.ide.mcu.externaltools.gnu-tools-for-stm32.13.3.rel1.macos64_1.0.0.202411102158/tools/bin/../lib/gcc/arm-none-eabi/13.3.1/../../../../arm-none-eabi/lib/thumb/v7e-m+dp/hard/libc_nano.a(libc_a-findfp.o)
 .text.__sfp_lock_acquire
                0x0800aa14        0xc /Applications/STM32CubeIDE.app/Contents/Eclipse/plugins/com.st.stm32cube.ide.mcu.externaltools.gnu-tools-for-stm32.13.3.rel1.macos64_1.0.0.202411102158/tools/bin/../lib/gcc/arm-none-eabi/13.3.1/../../../../arm-none-eabi/lib/thumb/v7e-m+dp/hard/libc_nano.a(libc_a-findfp.o)
                0x0800aa14                __sfp_lock_acquire
 .text.__sfp_lock_release
                0x0800aa20        0xc /Applications/STM32CubeIDE.app/Contents/Eclipse/plugins/com.st.stm32cube.ide.mcu.externaltools.gnu-tools-for-stm32.13.3.rel1.macos64_1.0.0.202411102158/tools/bin/../lib/gcc/arm-none-eabi/13.3.1/../../../../arm-none-eabi/lib/thumb/v7e-m+dp/hard/libc_nano.a(libc_a-findfp.o)
                0x0800aa20                __sfp_lock_release
 .text.__sinit  0x0800aa2c       0x30 /Applications/STM32CubeIDE.app/Contents/Eclipse/plugins/com.st.stm32cube.ide.mcu.externaltools.gnu-tools-for-stm32.13.3.rel1.macos64_1.0.0.202411102158/tools/bin/../lib/gcc/arm-none-eabi/13.3.1/../../../../arm-none-eabi/lib/thumb/v7e-m+dp/hard/libc_nano.a(libc_a-findfp.o)
                0x0800aa2c                __sinit
 .text._fwalk_sglue
                0x0800aa5c       0x3c /Applications/STM32CubeIDE.app/Contents/Eclipse/plugins/com.st.stm32cube.ide.mcu.externaltools.gnu-tools-for-stm32.13.3.rel1.macos64_1.0.0.202411102158/tools/bin/../lib/gcc/arm-none-eabi/13.3.1/../../../../arm-none-eabi/lib/thumb/v7e-m+dp/hard/libc_nano.a(libc_a-fwalk.o)
                0x0800aa5c                _fwalk_sglue
 .text.printf   0x0800aa98       0x24 /Applications/STM32CubeIDE.app/Contents/Eclipse/plugins/com.st.stm32cube.ide.mcu.externaltools.gnu-tools-for-stm32.13.3.rel1.macos64_1.0.0.202411102158/tools/bin/../lib/gcc/arm-none-eabi/13.3.1/../../../../arm-none-eabi/lib/thumb/v7e-m+dp/hard/libc_nano.a(libc_a-printf.o)
                0x0800aa98                printf
                0x0800aa98                iprintf
 .text._puts_r  0x0800aabc       0xaa /Applications/STM32CubeIDE.app/Contents/Eclipse/plugins/com.st.stm32cube.ide.mcu.externaltools.gnu-tools-for-stm32.13.3.rel1.macos64_1.0.0.202411102158/tools/bin/../lib/gcc/arm-none-eabi/13.3.1/../../../../arm-none-eabi/lib/thumb/v7e-m+dp/hard/libc_nano.a(libc_a-puts.o)
                0x0800aabc                _puts_r
 *fill*         0x0800ab66        0x2 
 .text.puts     0x0800ab68       0x10 /Applications/STM32CubeIDE.app/Contents/Eclipse/plugins/com.st.stm32cube.ide.mcu.externaltools.gnu-tools-for-stm32.13.3.rel1.macos64_1.0.0.202411102158/tools/bin/../lib/gcc/arm-none-eabi/13.3.1/../../../../arm-none-eabi/lib/thumb/v7e-m+dp/hard/libc_nano.a(libc_a-puts.o)
                0x0800ab68                puts
 .text.memset   0x0800ab78       0x10 /Applications/STM32CubeIDE.app/Contents/Eclipse/plugins/com.st.stm32cube.ide.mcu.externaltools.gnu-tools-for-stm32.13.3.rel1.macos64_1.0.0.202411102158/tools/bin/../lib/gcc/arm-none-eabi/13.3.1/../../../../arm-none-eabi/lib/thumb/v7e-m+dp/hard/libc_nano.a(libc_a-memset.o)
                0x0800ab78                memset
 .text.__errno  0x0800ab88        0xc /Applications/STM32CubeIDE.app/Contents/Eclipse/plugins/com.st.stm32cube.ide.mcu.externaltools.gnu-tools-for-stm32.13.3.rel1.macos64_1.0.0.202411102158/tools/bin/../lib/gcc/arm-none-eabi/13.3.1/../../../../arm-none-eabi/lib/thumb/v7e-m+dp/hard/libc_nano.a(libc_a-errno.o)
                0x0800ab88                __errno
 .text.__libc_init_array
                0x0800ab94       0x48 /Applications/STM32CubeIDE.app/Contents/Eclipse/plugins/com.st.stm32cube.ide.mcu.externaltools.gnu-tools-for-stm32.13.3.rel1.macos64_1.0.0.202411102158/tools/bin/../lib/gcc/arm-none-eabi/13.3.1/../../../../arm-none-eabi/lib/thumb/v7e-m+dp/hard/libc_nano.a(libc_a-init.o)
                0x0800ab94                __libc_init_array
 .text.__retarget_lock_init_recursive
                0x0800abdc        0x2 /Applications/STM32CubeIDE.app/Contents/Eclipse/plugins/com.st.stm32cube.ide.mcu.externaltools.gnu-tools-for-stm32.13.3.rel1.macos64_1.0.0.202411102158/tools/bin/../lib/gcc/arm-none-eabi/13.3.1/../../../../arm-none-eabi/lib/thumb/v7e-m+dp/hard/libc_nano.a(libc_a-lock.o)
                0x0800abdc                __retarget_lock_init_recursive
 .text.__retarget_lock_acquire_recursive
                0x0800abde        0x2 /Applications/STM32CubeIDE.app/Contents/Eclipse/plugins/com.st.stm32cube.ide.mcu.externaltools.gnu-tools-for-stm32.13.3.rel1.macos64_1.0.0.202411102158/tools/bin/../lib/gcc/arm-none-eabi/13.3.1/../../../../arm-none-eabi/lib/thumb/v7e-m+dp/hard/libc_nano.a(libc_a-lock.o)
                0x0800abde                __retarget_lock_acquire_recursive
 .text.__retarget_lock_release_recursive
                0x0800abe0        0x2 /Applications/STM32CubeIDE.app/Contents/Eclipse/plugins/com.st.stm32cube.ide.mcu.externaltools.gnu-tools-for-stm32.13.3.rel1.macos64_1.0.0.202411102158/tools/bin/../lib/gcc/arm-none-eabi/13.3.1/../../../../arm-none-eabi/lib/thumb/v7e-m+dp/hard/libc_nano.a(libc_a-lock.o)
                0x0800abe0                __retarget_lock_release_recursive
 *fill*         0x0800abe2        0x2 
 .text._localeconv_r
                0x0800abe4        0x8 /Applications/STM32CubeIDE.app/Contents/Eclipse/plugins/com.st.stm32cube.ide.mcu.externaltools.gnu-tools-for-stm32.13.3.rel1.macos64_1.0.0.202411102158/tools/bin/../lib/gcc/arm-none-eabi/13.3.1/../../../../arm-none-eabi/lib/thumb/v7e-m+dp/hard/libc_nano.a(libc_a-localeconv.o)
                0x0800abe4                _localeconv_r
 .text.memcpy   0x0800abec       0x1c /Applications/STM32CubeIDE.app/Contents/Eclipse/plugins/com.st.stm32cube.ide.mcu.externaltools.gnu-tools-for-stm32.13.3.rel1.macos64_1.0.0.202411102158/tools/bin/../lib/gcc/arm-none-eabi/13.3.1/../../../../arm-none-eabi/lib/thumb/v7e-m+dp/hard/libc_nano.a(libc_a-memcpy-stub.o)
                0x0800abec                memcpy
 .text.quorem   0x0800ac08      0x110 /Applications/STM32CubeIDE.app/Contents/Eclipse/plugins/com.st.stm32cube.ide.mcu.externaltools.gnu-tools-for-stm32.13.3.rel1.macos64_1.0.0.202411102158/tools/bin/../lib/gcc/arm-none-eabi/13.3.1/../../../../arm-none-eabi/lib/thumb/v7e-m+dp/hard/libc_nano.a(libc_a-dtoa.o)
 .text._dtoa_r  0x0800ad18      0xabc /Applications/STM32CubeIDE.app/Contents/Eclipse/plugins/com.st.stm32cube.ide.mcu.externaltools.gnu-tools-for-stm32.13.3.rel1.macos64_1.0.0.202411102158/tools/bin/../lib/gcc/arm-none-eabi/13.3.1/../../../../arm-none-eabi/lib/thumb/v7e-m+dp/hard/libc_nano.a(libc_a-dtoa.o)
                0x0800ad18                _dtoa_r
 .text.__sfputc_r
                0x0800b7d4       0x2e /Applications/STM32CubeIDE.app/Contents/Eclipse/plugins/com.st.stm32cube.ide.mcu.externaltools.gnu-tools-for-stm32.13.3.rel1.macos64_1.0.0.202411102158/tools/bin/../lib/gcc/arm-none-eabi/13.3.1/../../../../arm-none-eabi/lib/thumb/v7e-m+dp/hard/libc_nano.a(libc_a-nano-vfprintf.o)
 .text.__sfputs_r
                0x0800b802       0x24 /Applications/STM32CubeIDE.app/Contents/Eclipse/plugins/com.st.stm32cube.ide.mcu.externaltools.gnu-tools-for-stm32.13.3.rel1.macos64_1.0.0.202411102158/tools/bin/../lib/gcc/arm-none-eabi/13.3.1/../../../../arm-none-eabi/lib/thumb/v7e-m+dp/hard/libc_nano.a(libc_a-nano-vfprintf.o)
                0x0800b802                __sfputs_r
 *fill*         0x0800b826        0x2 
 .text._vfprintf_r
                0x0800b828      0x230 /Applications/STM32CubeIDE.app/Contents/Eclipse/plugins/com.st.stm32cube.ide.mcu.externaltools.gnu-tools-for-stm32.13.3.rel1.macos64_1.0.0.202411102158/tools/bin/../lib/gcc/arm-none-eabi/13.3.1/../../../../arm-none-eabi/lib/thumb/v7e-m+dp/hard/libc_nano.a(libc_a-nano-vfprintf.o)
                0x0800b828                _vfiprintf_r
                0x0800b828                _vfprintf_r
 .text.malloc   0x0800ba58       0x10 /Applications/STM32CubeIDE.app/Contents/Eclipse/plugins/com.st.stm32cube.ide.mcu.externaltools.gnu-tools-for-stm32.13.3.rel1.macos64_1.0.0.202411102158/tools/bin/../lib/gcc/arm-none-eabi/13.3.1/../../../../arm-none-eabi/lib/thumb/v7e-m+dp/hard/libc_nano.a(libc_a-malloc.o)
                0x0800ba58                malloc
 .text.sbrk_aligned
                0x0800ba68       0x44 /Applications/STM32CubeIDE.app/Contents/Eclipse/plugins/com.st.stm32cube.ide.mcu.externaltools.gnu-tools-for-stm32.13.3.rel1.macos64_1.0.0.202411102158/tools/bin/../lib/gcc/arm-none-eabi/13.3.1/../../../../arm-none-eabi/lib/thumb/v7e-m+dp/hard/libc_nano.a(libc_a-mallocr.o)
 .text._malloc_r
                0x0800baac      0x100 /Applications/STM32CubeIDE.app/Contents/Eclipse/plugins/com.st.stm32cube.ide.mcu.externaltools.gnu-tools-for-stm32.13.3.rel1.macos64_1.0.0.202411102158/tools/bin/../lib/gcc/arm-none-eabi/13.3.1/../../../../arm-none-eabi/lib/thumb/v7e-m+dp/hard/libc_nano.a(libc_a-mallocr.o)
                0x0800baac                _malloc_r
 .text.__sflush_r
                0x0800bbac      0x108 /Applications/STM32CubeIDE.app/Contents/Eclipse/plugins/com.st.stm32cube.ide.mcu.externaltools.gnu-tools-for-stm32.13.3.rel1.macos64_1.0.0.202411102158/tools/bin/../lib/gcc/arm-none-eabi/13.3.1/../../../../arm-none-eabi/lib/thumb/v7e-m+dp/hard/libc_nano.a(libc_a-fflush.o)
                0x0800bbac                __sflush_r
 .text._fflush_r
                0x0800bcb4       0x50 /Applications/STM32CubeIDE.app/Contents/Eclipse/plugins/com.st.stm32cube.ide.mcu.externaltools.gnu-tools-for-stm32.13.3.rel1.macos64_1.0.0.202411102158/tools/bin/../lib/gcc/arm-none-eabi/13.3.1/../../../../arm-none-eabi/lib/thumb/v7e-m+dp/hard/libc_nano.a(libc_a-fflush.o)
                0x0800bcb4                _fflush_r
 .text.__malloc_lock
                0x0800bd04        0xc /Applications/STM32CubeIDE.app/Contents/Eclipse/plugins/com.st.stm32cube.ide.mcu.externaltools.gnu-tools-for-stm32.13.3.rel1.macos64_1.0.0.202411102158/tools/bin/../lib/gcc/arm-none-eabi/13.3.1/../../../../arm-none-eabi/lib/thumb/v7e-m+dp/hard/libc_nano.a(libc_a-mlock.o)
                0x0800bd04                __malloc_lock
 .text.__malloc_unlock
                0x0800bd10        0xc /Applications/STM32CubeIDE.app/Contents/Eclipse/plugins/com.st.stm32cube.ide.mcu.externaltools.gnu-tools-for-stm32.13.3.rel1.macos64_1.0.0.202411102158/tools/bin/../lib/gcc/arm-none-eabi/13.3.1/../../../../arm-none-eabi/lib/thumb/v7e-m+dp/hard/libc_nano.a(libc_a-mlock.o)
                0x0800bd10                __malloc_unlock
 .text._Balloc  0x0800bd1c       0x80 /Applications/STM32CubeIDE.app/Contents/Eclipse/plugins/com.st.stm32cube.ide.mcu.externaltools.gnu-tools-for-stm32.13.3.rel1.macos64_1.0.0.202411102158/tools/bin/../lib/gcc/arm-none-eabi/13.3.1/../../../../arm-none-eabi/lib/thumb/v7e-m+dp/hard/libc_nano.a(libc_a-mprec.o)
                0x0800bd1c                _Balloc
 .text._Bfree   0x0800bd9c       0x44 /Applications/STM32CubeIDE.app/Contents/Eclipse/plugins/com.st.stm32cube.ide.mcu.externaltools.gnu-tools-for-stm32.13.3.rel1.macos64_1.0.0.202411102158/tools/bin/../lib/gcc/arm-none-eabi/13.3.1/../../../../arm-none-eabi/lib/thumb/v7e-m+dp/hard/libc_nano.a(libc_a-mprec.o)
                0x0800bd9c                _Bfree
 .text.__multadd
                0x0800bde0       0x8c /Applications/STM32CubeIDE.app/Contents/Eclipse/plugins/com.st.stm32cube.ide.mcu.externaltools.gnu-tools-for-stm32.13.3.rel1.macos64_1.0.0.202411102158/tools/bin/../lib/gcc/arm-none-eabi/13.3.1/../../../../arm-none-eabi/lib/thumb/v7e-m+dp/hard/libc_nano.a(libc_a-mprec.o)
                0x0800bde0                __multadd
 .text.__hi0bits
                0x0800be6c       0x3e /Applications/STM32CubeIDE.app/Contents/Eclipse/plugins/com.st.stm32cube.ide.mcu.externaltools.gnu-tools-for-stm32.13.3.rel1.macos64_1.0.0.202411102158/tools/bin/../lib/gcc/arm-none-eabi/13.3.1/../../../../arm-none-eabi/lib/thumb/v7e-m+dp/hard/libc_nano.a(libc_a-mprec.o)
                0x0800be6c                __hi0bits
 .text.__lo0bits
                0x0800beaa       0x5a /Applications/STM32CubeIDE.app/Contents/Eclipse/plugins/com.st.stm32cube.ide.mcu.externaltools.gnu-tools-for-stm32.13.3.rel1.macos64_1.0.0.202411102158/tools/bin/../lib/gcc/arm-none-eabi/13.3.1/../../../../arm-none-eabi/lib/thumb/v7e-m+dp/hard/libc_nano.a(libc_a-mprec.o)
                0x0800beaa                __lo0bits
 .text.__i2b    0x0800bf04       0x2c /Applications/STM32CubeIDE.app/Contents/Eclipse/plugins/com.st.stm32cube.ide.mcu.externaltools.gnu-tools-for-stm32.13.3.rel1.macos64_1.0.0.202411102158/tools/bin/../lib/gcc/arm-none-eabi/13.3.1/../../../../arm-none-eabi/lib/thumb/v7e-m+dp/hard/libc_nano.a(libc_a-mprec.o)
                0x0800bf04                __i2b
 .text.__multiply
                0x0800bf30      0x144 /Applications/STM32CubeIDE.app/Contents/Eclipse/plugins/com.st.stm32cube.ide.mcu.externaltools.gnu-tools-for-stm32.13.3.rel1.macos64_1.0.0.202411102158/tools/bin/../lib/gcc/arm-none-eabi/13.3.1/../../../../arm-none-eabi/lib/thumb/v7e-m+dp/hard/libc_nano.a(libc_a-mprec.o)
                0x0800bf30                __multiply
 .text.__pow5mult
                0x0800c074       0xb4 /Applications/STM32CubeIDE.app/Contents/Eclipse/plugins/com.st.stm32cube.ide.mcu.externaltools.gnu-tools-for-stm32.13.3.rel1.macos64_1.0.0.202411102158/tools/bin/../lib/gcc/arm-none-eabi/13.3.1/../../../../arm-none-eabi/lib/thumb/v7e-m+dp/hard/libc_nano.a(libc_a-mprec.o)
                0x0800c074                __pow5mult
 .text.__lshift
                0x0800c128       0xd8 /Applications/STM32CubeIDE.app/Contents/Eclipse/plugins/com.st.stm32cube.ide.mcu.externaltools.gnu-tools-for-stm32.13.3.rel1.macos64_1.0.0.202411102158/tools/bin/../lib/gcc/arm-none-eabi/13.3.1/../../../../arm-none-eabi/lib/thumb/v7e-m+dp/hard/libc_nano.a(libc_a-mprec.o)
                0x0800c128                __lshift
 .text.__mcmp   0x0800c200       0x36 /Applications/STM32CubeIDE.app/Contents/Eclipse/plugins/com.st.stm32cube.ide.mcu.externaltools.gnu-tools-for-stm32.13.3.rel1.macos64_1.0.0.202411102158/tools/bin/../lib/gcc/arm-none-eabi/13.3.1/../../../../arm-none-eabi/lib/thumb/v7e-m+dp/hard/libc_nano.a(libc_a-mprec.o)
                0x0800c200                __mcmp
 *fill*         0x0800c236        0x2 
 .text.__mdiff  0x0800c238      0x128 /Applications/STM32CubeIDE.app/Contents/Eclipse/plugins/com.st.stm32cube.ide.mcu.externaltools.gnu-tools-for-stm32.13.3.rel1.macos64_1.0.0.202411102158/tools/bin/../lib/gcc/arm-none-eabi/13.3.1/../../../../arm-none-eabi/lib/thumb/v7e-m+dp/hard/libc_nano.a(libc_a-mprec.o)
                0x0800c238                __mdiff
 .text.__d2b    0x0800c360       0xb0 /Applications/STM32CubeIDE.app/Contents/Eclipse/plugins/com.st.stm32cube.ide.mcu.externaltools.gnu-tools-for-stm32.13.3.rel1.macos64_1.0.0.202411102158/tools/bin/../lib/gcc/arm-none-eabi/13.3.1/../../../../arm-none-eabi/lib/thumb/v7e-m+dp/hard/libc_nano.a(libc_a-mprec.o)
                0x0800c360                __d2b
 .text.__sread  0x0800c410       0x22 /Applications/STM32CubeIDE.app/Contents/Eclipse/plugins/com.st.stm32cube.ide.mcu.externaltools.gnu-tools-for-stm32.13.3.rel1.macos64_1.0.0.202411102158/tools/bin/../lib/gcc/arm-none-eabi/13.3.1/../../../../arm-none-eabi/lib/thumb/v7e-m+dp/hard/libc_nano.a(libc_a-stdio.o)
                0x0800c410                __sread
 .text.__swrite
                0x0800c432       0x38 /Applications/STM32CubeIDE.app/Contents/Eclipse/plugins/com.st.stm32cube.ide.mcu.externaltools.gnu-tools-for-stm32.13.3.rel1.macos64_1.0.0.202411102158/tools/bin/../lib/gcc/arm-none-eabi/13.3.1/../../../../arm-none-eabi/lib/thumb/v7e-m+dp/hard/libc_nano.a(libc_a-stdio.o)
                0x0800c432                __swrite
 .text.__sseek  0x0800c46a       0x24 /Applications/STM32CubeIDE.app/Contents/Eclipse/plugins/com.st.stm32cube.ide.mcu.externaltools.gnu-tools-for-stm32.13.3.rel1.macos64_1.0.0.202411102158/tools/bin/../lib/gcc/arm-none-eabi/13.3.1/../../../../arm-none-eabi/lib/thumb/v7e-m+dp/hard/libc_nano.a(libc_a-stdio.o)
                0x0800c46a                __sseek
 .text.__sclose
                0x0800c48e        0x8 /Applications/STM32CubeIDE.app/Contents/Eclipse/plugins/com.st.stm32cube.ide.mcu.externaltools.gnu-tools-for-stm32.13.3.rel1.macos64_1.0.0.202411102158/tools/bin/../lib/gcc/arm-none-eabi/13.3.1/../../../../arm-none-eabi/lib/thumb/v7e-m+dp/hard/libc_nano.a(libc_a-stdio.o)
                0x0800c48e                __sclose
 .text.__swbuf_r
                0x0800c496       0x7c /Applications/STM32CubeIDE.app/Contents/Eclipse/plugins/com.st.stm32cube.ide.mcu.externaltools.gnu-tools-for-stm32.13.3.rel1.macos64_1.0.0.202411102158/tools/bin/../lib/gcc/arm-none-eabi/13.3.1/../../../../arm-none-eabi/lib/thumb/v7e-m+dp/hard/libc_nano.a(libc_a-wbuf.o)
                0x0800c496                __swbuf_r
 *fill*         0x0800c512        0x2 
 .text.__swsetup_r
                0x0800c514       0xac /Applications/STM32CubeIDE.app/Contents/Eclipse/plugins/com.st.stm32cube.ide.mcu.externaltools.gnu-tools-for-stm32.13.3.rel1.macos64_1.0.0.202411102158/tools/bin/../lib/gcc/arm-none-eabi/13.3.1/../../../../arm-none-eabi/lib/thumb/v7e-m+dp/hard/libc_nano.a(libc_a-wsetup.o)
                0x0800c514                __swsetup_r
 .text.__swhatbuf_r
                0x0800c5c0       0x4c /Applications/STM32CubeIDE.app/Contents/Eclipse/plugins/com.st.stm32cube.ide.mcu.externaltools.gnu-tools-for-stm32.13.3.rel1.macos64_1.0.0.202411102158/tools/bin/../lib/gcc/arm-none-eabi/13.3.1/../../../../arm-none-eabi/lib/thumb/v7e-m+dp/hard/libc_nano.a(libc_a-makebuf.o)
                0x0800c5c0                __swhatbuf_r
 .text.__smakebuf_r
                0x0800c60c       0x78 /Applications/STM32CubeIDE.app/Contents/Eclipse/plugins/com.st.stm32cube.ide.mcu.externaltools.gnu-tools-for-stm32.13.3.rel1.macos64_1.0.0.202411102158/tools/bin/../lib/gcc/arm-none-eabi/13.3.1/../../../../arm-none-eabi/lib/thumb/v7e-m+dp/hard/libc_nano.a(libc_a-makebuf.o)
                0x0800c60c                __smakebuf_r
 .text._isatty_r
                0x0800c684       0x20 /Applications/STM32CubeIDE.app/Contents/Eclipse/plugins/com.st.stm32cube.ide.mcu.externaltools.gnu-tools-for-stm32.13.3.rel1.macos64_1.0.0.202411102158/tools/bin/../lib/gcc/arm-none-eabi/13.3.1/../../../../arm-none-eabi/lib/thumb/v7e-m+dp/hard/libc_nano.a(libc_a-isattyr.o)
                0x0800c684                _isatty_r
 .text._lseek_r
                0x0800c6a4       0x24 /Applications/STM32CubeIDE.app/Contents/Eclipse/plugins/com.st.stm32cube.ide.mcu.externaltools.gnu-tools-for-stm32.13.3.rel1.macos64_1.0.0.202411102158/tools/bin/../lib/gcc/arm-none-eabi/13.3.1/../../../../arm-none-eabi/lib/thumb/v7e-m+dp/hard/libc_nano.a(libc_a-lseekr.o)
                0x0800c6a4                _lseek_r
 .text._read_r  0x0800c6c8       0x24 /Applications/STM32CubeIDE.app/Contents/Eclipse/plugins/com.st.stm32cube.ide.mcu.externaltools.gnu-tools-for-stm32.13.3.rel1.macos64_1.0.0.202411102158/tools/bin/../lib/gcc/arm-none-eabi/13.3.1/../../../../arm-none-eabi/lib/thumb/v7e-m+dp/hard/libc_nano.a(libc_a-readr.o)
                0x0800c6c8                _read_r
 .text._sbrk_r  0x0800c6ec       0x20 /Applications/STM32CubeIDE.app/Contents/Eclipse/plugins/com.st.stm32cube.ide.mcu.externaltools.gnu-tools-for-stm32.13.3.rel1.macos64_1.0.0.202411102158/tools/bin/../lib/gcc/arm-none-eabi/13.3.1/../../../../arm-none-eabi/lib/thumb/v7e-m+dp/hard/libc_nano.a(libc_a-sbrkr.o)
                0x0800c6ec                _sbrk_r
 .text._write_r
                0x0800c70c       0x24 /Applications/STM32CubeIDE.app/Contents/Eclipse/plugins/com.st.stm32cube.ide.mcu.externaltools.gnu-tools-for-stm32.13.3.rel1.macos64_1.0.0.202411102158/tools/bin/../lib/gcc/arm-none-eabi/13.3.1/../../../../arm-none-eabi/lib/thumb/v7e-m+dp/hard/libc_nano.a(libc_a-writer.o)
                0x0800c70c                _write_r
 .text._close_r
                0x0800c730       0x20 /Applications/STM32CubeIDE.app/Contents/Eclipse/plugins/com.st.stm32cube.ide.mcu.externaltools.gnu-tools-for-stm32.13.3.rel1.macos64_1.0.0.202411102158/tools/bin/../lib/gcc/arm-none-eabi/13.3.1/../../../../arm-none-eabi/lib/thumb/v7e-m+dp/hard/libc_nano.a(libc_a-closer.o)
                0x0800c730                _close_r
 .text._fstat_r
                0x0800c750       0x24 /Applications/STM32CubeIDE.app/Contents/Eclipse/plugins/com.st.stm32cube.ide.mcu.externaltools.gnu-tools-for-stm32.13.3.rel1.macos64_1.0.0.202411102158/tools/bin/../lib/gcc/arm-none-eabi/13.3.1/../../../../arm-none-eabi/lib/thumb/v7e-m+dp/hard/libc_nano.a(libc_a-fstatr.o)
                0x0800c750                _fstat_r
 .text.__assert_func
                0x0800c774       0x3c /Applications/STM32CubeIDE.app/Contents/Eclipse/plugins/com.st.stm32cube.ide.mcu.externaltools.gnu-tools-for-stm32.13.3.rel1.macos64_1.0.0.202411102158/tools/bin/../lib/gcc/arm-none-eabi/13.3.1/../../../../arm-none-eabi/lib/thumb/v7e-m+dp/hard/libc_nano.a(libc_a-assert.o)
                0x0800c774                __assert_func
 .text._calloc_r
                0x0800c7b0       0x28 /Applications/STM32CubeIDE.app/Contents/Eclipse/plugins/com.st.stm32cube.ide.mcu.externaltools.gnu-tools-for-stm32.13.3.rel1.macos64_1.0.0.202411102158/tools/bin/../lib/gcc/arm-none-eabi/13.3.1/../../../../arm-none-eabi/lib/thumb/v7e-m+dp/hard/libc_nano.a(libc_a-callocr.o)
                0x0800c7b0                _calloc_r
 .text._free_r  0x0800c7d8       0x94 /Applications/STM32CubeIDE.app/Contents/Eclipse/plugins/com.st.stm32cube.ide.mcu.externaltools.gnu-tools-for-stm32.13.3.rel1.macos64_1.0.0.202411102158/tools/bin/../lib/gcc/arm-none-eabi/13.3.1/../../../../arm-none-eabi/lib/thumb/v7e-m+dp/hard/libc_nano.a(libc_a-freer.o)
                0x0800c7d8                _free_r
 .text.__ascii_mbtowc
                0x0800c86c       0x24 /Applications/STM32CubeIDE.app/Contents/Eclipse/plugins/com.st.stm32cube.ide.mcu.externaltools.gnu-tools-for-stm32.13.3.rel1.macos64_1.0.0.202411102158/tools/bin/../lib/gcc/arm-none-eabi/13.3.1/../../../../arm-none-eabi/lib/thumb/v7e-m+dp/hard/libc_nano.a(libc_a-mbtowc_r.o)
                0x0800c86c                __ascii_mbtowc
 .text.fprintf  0x0800c890       0x24 /Applications/STM32CubeIDE.app/Contents/Eclipse/plugins/com.st.stm32cube.ide.mcu.externaltools.gnu-tools-for-stm32.13.3.rel1.macos64_1.0.0.202411102158/tools/bin/../lib/gcc/arm-none-eabi/13.3.1/../../../../arm-none-eabi/lib/thumb/v7e-m+dp/hard/libc_nano.a(libc_a-fprintf.o)
                0x0800c890                fprintf
                0x0800c890                fiprintf
 .text.__ascii_wctomb
                0x0800c8b4       0x1a /Applications/STM32CubeIDE.app/Contents/Eclipse/plugins/com.st.stm32cube.ide.mcu.externaltools.gnu-tools-for-stm32.13.3.rel1.macos64_1.0.0.202411102158/tools/bin/../lib/gcc/arm-none-eabi/13.3.1/../../../../arm-none-eabi/lib/thumb/v7e-m+dp/hard/libc_nano.a(libc_a-wctomb_r.o)
                0x0800c8b4                __ascii_wctomb
 .text.abort    0x0800c8ce        0xe /Applications/STM32CubeIDE.app/Contents/Eclipse/plugins/com.st.stm32cube.ide.mcu.externaltools.gnu-tools-for-stm32.13.3.rel1.macos64_1.0.0.202411102158/tools/bin/../lib/gcc/arm-none-eabi/13.3.1/../../../../arm-none-eabi/lib/thumb/v7e-m+dp/hard/libc_nano.a(libc_a-abort.o)
                0x0800c8ce                abort
 .text._raise_r
                0x0800c8dc       0x50 /Applications/STM32CubeIDE.app/Contents/Eclipse/plugins/com.st.stm32cube.ide.mcu.externaltools.gnu-tools-for-stm32.13.3.rel1.macos64_1.0.0.202411102158/tools/bin/../lib/gcc/arm-none-eabi/13.3.1/../../../../arm-none-eabi/lib/thumb/v7e-m+dp/hard/libc_nano.a(libc_a-signal.o)
                0x0800c8dc                _raise_r
 .text.raise    0x0800c92c       0x10 /Applications/STM32CubeIDE.app/Contents/Eclipse/plugins/com.st.stm32cube.ide.mcu.externaltools.gnu-tools-for-stm32.13.3.rel1.macos64_1.0.0.202411102158/tools/bin/../lib/gcc/arm-none-eabi/13.3.1/../../../../arm-none-eabi/lib/thumb/v7e-m+dp/hard/libc_nano.a(libc_a-signal.o)
                0x0800c92c                raise
 .text._kill_r  0x0800c93c       0x24 /Applications/STM32CubeIDE.app/Contents/Eclipse/plugins/com.st.stm32cube.ide.mcu.externaltools.gnu-tools-for-stm32.13.3.rel1.macos64_1.0.0.202411102158/tools/bin/../lib/gcc/arm-none-eabi/13.3.1/../../../../arm-none-eabi/lib/thumb/v7e-m+dp/hard/libc_nano.a(libc_a-signalr.o)
                0x0800c93c                _kill_r
 .text._getpid_r
                0x0800c960        0x4 /Applications/STM32CubeIDE.app/Contents/Eclipse/plugins/com.st.stm32cube.ide.mcu.externaltools.gnu-tools-for-stm32.13.3.rel1.macos64_1.0.0.202411102158/tools/bin/../lib/gcc/arm-none-eabi/13.3.1/../../../../arm-none-eabi/lib/thumb/v7e-m+dp/hard/libc_nano.a(libc_a-signalr.o)
                0x0800c960                _getpid_r
 *(.glue_7)
 .glue_7        0x0800c964        0x0 linker stubs
 *(.glue_7t)
 .glue_7t       0x0800c964        0x0 linker stubs
 *(.eh_frame)
 .eh_frame      0x0800c964        0x0 /Applications/STM32CubeIDE.app/Contents/Eclipse/plugins/com.st.stm32cube.ide.mcu.externaltools.gnu-tools-for-stm32.13.3.rel1.macos64_1.0.0.202411102158/tools/bin/../lib/gcc/arm-none-eabi/13.3.1/thumb/v7e-m+dp/hard/crtbegin.o
 *(.init)
 .init          0x0800c964        0x4 /Applications/STM32CubeIDE.app/Contents/Eclipse/plugins/com.st.stm32cube.ide.mcu.externaltools.gnu-tools-for-stm32.13.3.rel1.macos64_1.0.0.202411102158/tools/bin/../lib/gcc/arm-none-eabi/13.3.1/thumb/v7e-m+dp/hard/crti.o
                0x0800c964                _init
 .init          0x0800c968        0x8 /Applications/STM32CubeIDE.app/Contents/Eclipse/plugins/com.st.stm32cube.ide.mcu.externaltools.gnu-tools-for-stm32.13.3.rel1.macos64_1.0.0.202411102158/tools/bin/../lib/gcc/arm-none-eabi/13.3.1/thumb/v7e-m+dp/hard/crtn.o
 *(.fini)
 .fini          0x0800c970        0x4 /Applications/STM32CubeIDE.app/Contents/Eclipse/plugins/com.st.stm32cube.ide.mcu.externaltools.gnu-tools-for-stm32.13.3.rel1.macos64_1.0.0.202411102158/tools/bin/../lib/gcc/arm-none-eabi/13.3.1/thumb/v7e-m+dp/hard/crti.o
                0x0800c970                _fini
 .fini          0x0800c974        0x8 /Applications/STM32CubeIDE.app/Contents/Eclipse/plugins/com.st.stm32cube.ide.mcu.externaltools.gnu-tools-for-stm32.13.3.rel1.macos64_1.0.0.202411102158/tools/bin/../lib/gcc/arm-none-eabi/13.3.1/thumb/v7e-m+dp/hard/crtn.o
                0x0800c97c                        . = ALIGN (0x4)
                0x0800c97c                        _etext = .

.vfp11_veneer   0x0800c97c        0x0
 .vfp11_veneer  0x0800c97c        0x0 linker stubs

.v4_bx          0x0800c97c        0x0
 .v4_bx         0x0800c97c        0x0 linker stubs

.iplt           0x0800c97c        0x0
 .iplt          0x0800c97c        0x0 /Applications/STM32CubeIDE.app/Contents/Eclipse/plugins/com.st.stm32cube.ide.mcu.externaltools.gnu-tools-for-stm32.13.3.rel1.macos64_1.0.0.202411102158/tools/bin/../lib/gcc/arm-none-eabi/13.3.1/thumb/v7e-m+dp/hard/crtbegin.o

.rodata         0x0800c980      0x7b4
                0x0800c980                        . = ALIGN (0x4)
 *(.rodata)
 .rodata        0x0800c980       0x3b ./Core/Src/bno055.o
 *fill*         0x0800c9bb        0x1 
 .rodata        0x0800c9bc      0x3cb ./Core/Src/main.o
 *(.rodata*)
 *fill*         0x0800cd87        0x1 
 .rodata.D1CorePrescTable
                0x0800cd88       0x10 ./Common/Src/system_stm32h7xx_dualcore_boot_cm4_cm7.o
                0x0800cd88                D1CorePrescTable
 .rodata.UARTPrescTable
                0x0800cd98       0x18 ./Drivers/STM32H7xx_HAL_Driver/stm32h7xx_hal_uart.o
                0x0800cd98                UARTPrescTable
 .rodata.numerator.1
                0x0800cdb0        0x8 ./Drivers/STM32H7xx_HAL_Driver/stm32h7xx_hal_uart_ex.o
 .rodata.denominator.0
                0x0800cdb8        0x8 ./Drivers/STM32H7xx_HAL_Driver/stm32h7xx_hal_uart_ex.o
 .rodata._printf_float.str1.1
                0x0800cdc0      0x171 /Applications/STM32CubeIDE.app/Contents/Eclipse/plugins/com.st.stm32cube.ide.mcu.externaltools.gnu-tools-for-stm32.13.3.rel1.macos64_1.0.0.202411102158/tools/bin/../lib/gcc/arm-none-eabi/13.3.1/../../../../arm-none-eabi/lib/thumb/v7e-m+dp/hard/libc_nano.a(libc_a-nano-vfprintf_float.o)
                                 0x12 (size before relaxing)
 .rodata._printf_i.str1.1
                0x0800cf31       0x22 /Applications/STM32CubeIDE.app/Contents/Eclipse/plugins/com.st.stm32cube.ide.mcu.externaltools.gnu-tools-for-stm32.13.3.rel1.macos64_1.0.0.202411102158/tools/bin/../lib/gcc/arm-none-eabi/13.3.1/../../../../arm-none-eabi/lib/thumb/v7e-m+dp/hard/libc_nano.a(libc_a-nano-vfprintf_i.o)
 .rodata._dtoa_r.str1.1
                0x0800cf31       0x8f /Applications/STM32CubeIDE.app/Contents/Eclipse/plugins/com.st.stm32cube.ide.mcu.externaltools.gnu-tools-for-stm32.13.3.rel1.macos64_1.0.0.202411102158/tools/bin/../lib/gcc/arm-none-eabi/13.3.1/../../../../arm-none-eabi/lib/thumb/v7e-m+dp/hard/libc_nano.a(libc_a-dtoa.o)
 .rodata._vfprintf_r.str1.1
                0x0800cf31       0x11 /Applications/STM32CubeIDE.app/Contents/Eclipse/plugins/com.st.stm32cube.ide.mcu.externaltools.gnu-tools-for-stm32.13.3.rel1.macos64_1.0.0.202411102158/tools/bin/../lib/gcc/arm-none-eabi/13.3.1/../../../../arm-none-eabi/lib/thumb/v7e-m+dp/hard/libc_nano.a(libc_a-nano-vfprintf.o)
 .rodata._Balloc.str1.1
                0x0800cf31       0x70 /Applications/STM32CubeIDE.app/Contents/Eclipse/plugins/com.st.stm32cube.ide.mcu.externaltools.gnu-tools-for-stm32.13.3.rel1.macos64_1.0.0.202411102158/tools/bin/../lib/gcc/arm-none-eabi/13.3.1/../../../../arm-none-eabi/lib/thumb/v7e-m+dp/hard/libc_nano.a(libc_a-mprec.o)
 .rodata.__multadd.str1.1
                0x0800cf31       0x11 /Applications/STM32CubeIDE.app/Contents/Eclipse/plugins/com.st.stm32cube.ide.mcu.externaltools.gnu-tools-for-stm32.13.3.rel1.macos64_1.0.0.202411102158/tools/bin/../lib/gcc/arm-none-eabi/13.3.1/../../../../arm-none-eabi/lib/thumb/v7e-m+dp/hard/libc_nano.a(libc_a-mprec.o)
 *fill*         0x0800cf31        0x3 
 .rodata.p05.0  0x0800cf34        0xc /Applications/STM32CubeIDE.app/Contents/Eclipse/plugins/com.st.stm32cube.ide.mcu.externaltools.gnu-tools-for-stm32.13.3.rel1.macos64_1.0.0.202411102158/tools/bin/../lib/gcc/arm-none-eabi/13.3.1/../../../../arm-none-eabi/lib/thumb/v7e-m+dp/hard/libc_nano.a(libc_a-mprec.o)
 .rodata.__mprec_bigtens
                0x0800cf40       0x28 /Applications/STM32CubeIDE.app/Contents/Eclipse/plugins/com.st.stm32cube.ide.mcu.externaltools.gnu-tools-for-stm32.13.3.rel1.macos64_1.0.0.202411102158/tools/bin/../lib/gcc/arm-none-eabi/13.3.1/../../../../arm-none-eabi/lib/thumb/v7e-m+dp/hard/libc_nano.a(libc_a-mprec.o)
                0x0800cf40                __mprec_bigtens
 .rodata.__mprec_tens
                0x0800cf68       0xc8 /Applications/STM32CubeIDE.app/Contents/Eclipse/plugins/com.st.stm32cube.ide.mcu.externaltools.gnu-tools-for-stm32.13.3.rel1.macos64_1.0.0.202411102158/tools/bin/../lib/gcc/arm-none-eabi/13.3.1/../../../../arm-none-eabi/lib/thumb/v7e-m+dp/hard/libc_nano.a(libc_a-mprec.o)
                0x0800cf68                __mprec_tens
 .rodata._setlocale_r.str1.1
                0x0800d030        0x9 /Applications/STM32CubeIDE.app/Contents/Eclipse/plugins/com.st.stm32cube.ide.mcu.externaltools.gnu-tools-for-stm32.13.3.rel1.macos64_1.0.0.202411102158/tools/bin/../lib/gcc/arm-none-eabi/13.3.1/../../../../arm-none-eabi/lib/thumb/v7e-m+dp/hard/libc_nano.a(libc_a-locale.o)
 .rodata.str1.1
                0x0800d030        0x2 /Applications/STM32CubeIDE.app/Contents/Eclipse/plugins/com.st.stm32cube.ide.mcu.externaltools.gnu-tools-for-stm32.13.3.rel1.macos64_1.0.0.202411102158/tools/bin/../lib/gcc/arm-none-eabi/13.3.1/../../../../arm-none-eabi/lib/thumb/v7e-m+dp/hard/libc_nano.a(libc_a-locale.o)
 .rodata._ctype_
                0x0800d030      0x101 /Applications/STM32CubeIDE.app/Contents/Eclipse/plugins/com.st.stm32cube.ide.mcu.externaltools.gnu-tools-for-stm32.13.3.rel1.macos64_1.0.0.202411102158/tools/bin/../lib/gcc/arm-none-eabi/13.3.1/../../../../arm-none-eabi/lib/thumb/v7e-m+dp/hard/libc_nano.a(libc_a-ctype_.o)
                0x0800d030                _ctype_
 .rodata.__assert_func.str1.1
                0x0800d131       0x3d /Applications/STM32CubeIDE.app/Contents/Eclipse/plugins/com.st.stm32cube.ide.mcu.externaltools.gnu-tools-for-stm32.13.3.rel1.macos64_1.0.0.202411102158/tools/bin/../lib/gcc/arm-none-eabi/13.3.1/../../../../arm-none-eabi/lib/thumb/v7e-m+dp/hard/libc_nano.a(libc_a-assert.o)
                0x0800d170                        . = ALIGN (0x4)
 *fill*         0x0800d131        0x3 

.ARM.extab      0x0800d134        0x0
                0x0800d134                        . = ALIGN (0x4)
 *(.ARM.extab* .gnu.linkonce.armextab.*)
                0x0800d134                        . = ALIGN (0x4)

.ARM            0x0800d134        0x8
                0x0800d134                        . = ALIGN (0x4)
                0x0800d134                        __exidx_start = .
 *(.ARM.exidx*)
 .ARM.exidx     0x0800d134        0x8 /Applications/STM32CubeIDE.app/Contents/Eclipse/plugins/com.st.stm32cube.ide.mcu.externaltools.gnu-tools-for-stm32.13.3.rel1.macos64_1.0.0.202411102158/tools/bin/../lib/gcc/arm-none-eabi/13.3.1/../../../../arm-none-eabi/lib/thumb/v7e-m+dp/hard/libc_nano.a(libc_a-memchr.o)
 .ARM.exidx     0x0800d13c        0x0 /Applications/STM32CubeIDE.app/Contents/Eclipse/plugins/com.st.stm32cube.ide.mcu.externaltools.gnu-tools-for-stm32.13.3.rel1.macos64_1.0.0.202411102158/tools/bin/../lib/gcc/arm-none-eabi/13.3.1/../../../../arm-none-eabi/lib/thumb/v7e-m+dp/hard/libc_nano.a(libc_a-strlen.o)
                                  0x8 (size before relaxing)
 .ARM.exidx     0x0800d13c        0x0 /Applications/STM32CubeIDE.app/Contents/Eclipse/plugins/com.st.stm32cube.ide.mcu.externaltools.gnu-tools-for-stm32.13.3.rel1.macos64_1.0.0.202411102158/tools/bin/../lib/gcc/arm-none-eabi/13.3.1/thumb/v7e-m+dp/hard/libgcc.a(_udivmoddi4.o)
                                  0x8 (size before relaxing)
                0x0800d13c                        __exidx_end = .
                0x0800d13c                        . = ALIGN (0x4)

.preinit_array  0x0800d13c        0x0
                0x0800d13c                        . = ALIGN (0x4)
                0x0800d13c                        PROVIDE (__preinit_array_start = .)
 *(.preinit_array*)
                0x0800d13c                        PROVIDE (__preinit_array_end = .)
                0x0800d13c                        . = ALIGN (0x4)

.init_array     0x0800d13c        0x4
                0x0800d13c                        . = ALIGN (0x4)
                0x0800d13c                        PROVIDE (__init_array_start = .)
 *(SORT_BY_NAME(.init_array.*))
 *(.init_array*)
 .init_array    0x0800d13c        0x4 /Applications/STM32CubeIDE.app/Contents/Eclipse/plugins/com.st.stm32cube.ide.mcu.externaltools.gnu-tools-for-stm32.13.3.rel1.macos64_1.0.0.202411102158/tools/bin/../lib/gcc/arm-none-eabi/13.3.1/thumb/v7e-m+dp/hard/crtbegin.o
                0x0800d140                        PROVIDE (__init_array_end = .)
                0x0800d140                        . = ALIGN (0x4)

.fini_array     0x0800d140        0x4
                0x0800d140                        . = ALIGN (0x4)
                [!provide]                        PROVIDE (__fini_array_start = .)
 *(SORT_BY_NAME(.fini_array.*))
 *(.fini_array*)
 .fini_array    0x0800d140        0x4 /Applications/STM32CubeIDE.app/Contents/Eclipse/plugins/com.st.stm32cube.ide.mcu.externaltools.gnu-tools-for-stm32.13.3.rel1.macos64_1.0.0.202411102158/tools/bin/../lib/gcc/arm-none-eabi/13.3.1/thumb/v7e-m+dp/hard/crtbegin.o
                [!provide]                        PROVIDE (__fini_array_end = .)
                0x0800d144                        . = ALIGN (0x4)
                0x0800d144                        _sidata = LOADADDR (.data)

.rel.dyn        0x0800d144        0x0
 .rel.iplt      0x0800d144        0x0 /Applications/STM32CubeIDE.app/Contents/Eclipse/plugins/com.st.stm32cube.ide.mcu.externaltools.gnu-tools-for-stm32.13.3.rel1.macos64_1.0.0.202411102158/tools/bin/../lib/gcc/arm-none-eabi/13.3.1/thumb/v7e-m+dp/hard/crtbegin.o

.data           0x24000000      0x1f4 load address 0x0800d144
                0x24000000                        . = ALIGN (0x4)
                0x24000000                        _sdata = .
 *(.data)
 *(.data*)
 .data.SystemCoreClock
                0x24000000        0x4 ./Common/Src/system_stm32h7xx_dualcore_boot_cm4_cm7.o
                0x24000000                SystemCoreClock
 .data.SystemD2Clock
                0x24000004        0x4 ./Common/Src/system_stm32h7xx_dualcore_boot_cm4_cm7.o
                0x24000004                SystemD2Clock
 .data.accelScale
                0x24000008        0x2 ./Core/Src/bno055.o
                0x24000008                accelScale
 .data.angularRateScale
                0x2400000a        0x2 ./Core/Src/bno055.o
                0x2400000a                angularRateScale
 .data.eulerScale
                0x2400000c        0x2 ./Core/Src/bno055.o
                0x2400000c                eulerScale
 .data.magScale
                0x2400000e        0x2 ./Core/Src/bno055.o
                0x2400000e                magScale
 .data.quaScale
                0x24000010        0x2 ./Core/Src/bno055.o
                0x24000010                quaScale
 *fill*         0x24000012        0x2 
 .data.steering_filtered
                0x24000014        0x4 ./Core/Src/main.o
                0x24000014                steering_filtered
 .data.throttle_filtered
                0x24000018        0x4 ./Core/Src/main.o
                0x24000018                throttle_filtered
 .data.steering_us
                0x2400001c        0x4 ./Core/Src/main.o
                0x2400001c                steering_us
 .data.throttle_us
                0x24000020        0x4 ./Core/Src/main.o
                0x24000020                throttle_us
 .data.uwTickPrio
                0x24000024        0x4 ./Drivers/STM32H7xx_HAL_Driver/stm32h7xx_hal.o
                0x24000024                uwTickPrio
 .data.uwTickFreq
                0x24000028        0x1 ./Drivers/STM32H7xx_HAL_Driver/stm32h7xx_hal.o
                0x24000028                uwTickFreq
 *fill*         0x24000029        0x3 
 .data.__sglue  0x2400002c        0xc /Applications/STM32CubeIDE.app/Contents/Eclipse/plugins/com.st.stm32cube.ide.mcu.externaltools.gnu-tools-for-stm32.13.3.rel1.macos64_1.0.0.202411102158/tools/bin/../lib/gcc/arm-none-eabi/13.3.1/../../../../arm-none-eabi/lib/thumb/v7e-m+dp/hard/libc_nano.a(libc_a-findfp.o)
                0x2400002c                __sglue
 .data._impure_ptr
                0x24000038        0x4 /Applications/STM32CubeIDE.app/Contents/Eclipse/plugins/com.st.stm32cube.ide.mcu.externaltools.gnu-tools-for-stm32.13.3.rel1.macos64_1.0.0.202411102158/tools/bin/../lib/gcc/arm-none-eabi/13.3.1/../../../../arm-none-eabi/lib/thumb/v7e-m+dp/hard/libc_nano.a(libc_a-impure.o)
                0x24000038                _impure_ptr
 .data._impure_data
                0x2400003c       0x4c /Applications/STM32CubeIDE.app/Contents/Eclipse/plugins/com.st.stm32cube.ide.mcu.externaltools.gnu-tools-for-stm32.13.3.rel1.macos64_1.0.0.202411102158/tools/bin/../lib/gcc/arm-none-eabi/13.3.1/../../../../arm-none-eabi/lib/thumb/v7e-m+dp/hard/libc_nano.a(libc_a-impure.o)
                0x2400003c                _impure_data
 .data.__global_locale
                0x24000088      0x16c /Applications/STM32CubeIDE.app/Contents/Eclipse/plugins/com.st.stm32cube.ide.mcu.externaltools.gnu-tools-for-stm32.13.3.rel1.macos64_1.0.0.202411102158/tools/bin/../lib/gcc/arm-none-eabi/13.3.1/../../../../arm-none-eabi/lib/thumb/v7e-m+dp/hard/libc_nano.a(libc_a-locale.o)
                0x24000088                __global_locale
 *(.RamFunc)
 *(.RamFunc*)
                0x240001f4                        . = ALIGN (0x4)
                0x240001f4                        _edata = .

.igot.plt       0x240001f4        0x0 load address 0x0800d338
 .igot.plt      0x240001f4        0x0 /Applications/STM32CubeIDE.app/Contents/Eclipse/plugins/com.st.stm32cube.ide.mcu.externaltools.gnu-tools-for-stm32.13.3.rel1.macos64_1.0.0.202411102158/tools/bin/../lib/gcc/arm-none-eabi/13.3.1/thumb/v7e-m+dp/hard/crtbegin.o
                0x240001f4                        . = ALIGN (0x4)

.bss            0x240001f8     0x17e8 load address 0x0800d338
                0x240001f8                        _sbss = .
                0x240001f8                        __bss_start__ = _sbss
 *(.bss)
 .bss           0x240001f8       0x1c /Applications/STM32CubeIDE.app/Contents/Eclipse/plugins/com.st.stm32cube.ide.mcu.externaltools.gnu-tools-for-stm32.13.3.rel1.macos64_1.0.0.202411102158/tools/bin/../lib/gcc/arm-none-eabi/13.3.1/thumb/v7e-m+dp/hard/crtbegin.o
 *(.bss*)
 .bss._bno055_i2c_port
                0x24000214        0x4 ./Core/Src/main.o
                0x24000214                _bno055_i2c_port
 .bss.hi2c2     0x24000218       0x54 ./Core/Src/main.o
                0x24000218                hi2c2
 .bss.htim1     0x2400026c       0x4c ./Core/Src/main.o
                0x2400026c                htim1
 .bss.htim2     0x240002b8       0x4c ./Core/Src/main.o
                0x240002b8                htim2
 .bss.htim3     0x24000304       0x4c ./Core/Src/main.o
                0x24000304                htim3
 .bss.htim4     0x24000350       0x4c ./Core/Src/main.o
                0x24000350                htim4
 .bss.htim5     0x2400039c       0x4c ./Core/Src/main.o
                0x2400039c                htim5
 .bss.htim6     0x240003e8       0x4c ./Core/Src/main.o
                0x240003e8                htim6
 .bss.huart3    0x24000434       0x94 ./Core/Src/main.o
                0x24000434                huart3
 .bss.log_ref   0x240004c8      0x4b0 ./Core/Src/main.o
                0x240004c8                log_ref
 .bss.log_real  0x24000978      0x4b0 ./Core/Src/main.o
                0x24000978                log_real
 .bss.log_index
                0x24000e28        0x4 ./Core/Src/main.o
                0x24000e28                log_index
 .bss.recording_state
                0x24000e2c        0x4 ./Core/Src/main.o
                0x24000e2c                recording_state
 .bss.fir_buffer
                0x24000e30        0xc ./Core/Src/main.o
                0x24000e30                fir_buffer
 .bss.fir_buffer_throttle
                0x24000e3c        0xc ./Core/Src/main.o
                0x24000e3c                fir_buffer_throttle
 .bss.fir_index_throttle
                0x24000e48        0x4 ./Core/Src/main.o
                0x24000e48                fir_index_throttle
 .bss.fir_buffer_imu
                0x24000e4c        0xc ./Core/Src/main.o
                0x24000e4c                fir_buffer_imu
 .bss.fir_index_imu
                0x24000e58        0x4 ./Core/Src/main.o
                0x24000e58                fir_index_imu
 .bss.Is_First_Captured_Steering
                0x24000e5c        0x1 ./Core/Src/main.o
                0x24000e5c                Is_First_Captured_Steering
 .bss.Is_First_Captured_Throttle
                0x24000e5d        0x1 ./Core/Src/main.o
                0x24000e5d                Is_First_Captured_Throttle
 *fill*         0x24000e5e        0x2 
 .bss.data      0x24000e60       0x14 ./Core/Src/main.o
                0x24000e60                data
 *fill*         0x24000e74        0x4 
 .bss.vehicleState
                0x24000e78       0x40 ./Core/Src/main.o
                0x24000e78                vehicleState
 .bss.new_rc_steering
                0x24000eb8        0x1 ./Core/Src/main.o
                0x24000eb8                new_rc_steering
 .bss.new_rc_throttle
                0x24000eb9        0x1 ./Core/Src/main.o
                0x24000eb9                new_rc_throttle
 *fill*         0x24000eba        0x2 
 .bss.pid_traction
                0x24000ebc       0x20 ./Core/Src/main.o
                0x24000ebc                pid_traction
 .bss.pid_steering
                0x24000edc       0x20 ./Core/Src/main.o
                0x24000edc                pid_steering
 *fill*         0x24000efc        0x4 
 .bss.u_trazione
                0x24000f00        0x8 ./Core/Src/main.o
                0x24000f00                u_trazione
 .bss.u_sterzo  0x24000f08        0x8 ./Core/Src/main.o
                0x24000f08                u_sterzo
 .bss.Flag_10ms
                0x24000f10        0x4 ./Core/Src/main.o
                0x24000f10                Flag_10ms
 .bss.time_counter
                0x24000f14        0x4 ./Core/Src/main.o
                0x24000f14                time_counter
 .bss.log_speed_ref
                0x24000f18      0x4b0 ./Core/Src/main.o
                0x24000f18                log_speed_ref
 .bss.log_speed_real
                0x240013c8      0x4b0 ./Core/Src/main.o
                0x240013c8                log_speed_real
 .bss.speed_recording_state
                0x24001878        0x4 ./Core/Src/main.o
                0x24001878                speed_recording_state
 .bss.RPM_2_m_s_global
                0x2400187c        0x4 ./Core/Src/main.o
                0x2400187c                RPM_2_m_s_global
 .bss.imu_counter.2
                0x24001880        0x4 ./Core/Src/main.o
 .bss.ic_val1_s.1
                0x24001884        0x4 ./Core/Src/main.o
 .bss.ic_val1_t.0
                0x24001888        0x4 ./Core/Src/main.o
 .bss.__sbrk_heap_end
                0x2400188c        0x4 ./Core/Src/sysmem.o
 .bss.uwTick    0x24001890        0x4 ./Drivers/STM32H7xx_HAL_Driver/stm32h7xx_hal.o
                0x24001890                uwTick
 .bss.__sf      0x24001894      0x138 /Applications/STM32CubeIDE.app/Contents/Eclipse/plugins/com.st.stm32cube.ide.mcu.externaltools.gnu-tools-for-stm32.13.3.rel1.macos64_1.0.0.202411102158/tools/bin/../lib/gcc/arm-none-eabi/13.3.1/../../../../arm-none-eabi/lib/thumb/v7e-m+dp/hard/libc_nano.a(libc_a-findfp.o)
                0x24001894                __sf
 .bss.__stdio_exit_handler
                0x240019cc        0x4 /Applications/STM32CubeIDE.app/Contents/Eclipse/plugins/com.st.stm32cube.ide.mcu.externaltools.gnu-tools-for-stm32.13.3.rel1.macos64_1.0.0.202411102158/tools/bin/../lib/gcc/arm-none-eabi/13.3.1/../../../../arm-none-eabi/lib/thumb/v7e-m+dp/hard/libc_nano.a(libc_a-findfp.o)
                0x240019cc                __stdio_exit_handler
 .bss.__lock___malloc_recursive_mutex
                0x240019d0        0x1 /Applications/STM32CubeIDE.app/Contents/Eclipse/plugins/com.st.stm32cube.ide.mcu.externaltools.gnu-tools-for-stm32.13.3.rel1.macos64_1.0.0.202411102158/tools/bin/../lib/gcc/arm-none-eabi/13.3.1/../../../../arm-none-eabi/lib/thumb/v7e-m+dp/hard/libc_nano.a(libc_a-lock.o)
                0x240019d0                __lock___malloc_recursive_mutex
 .bss.__lock___sfp_recursive_mutex
                0x240019d1        0x1 /Applications/STM32CubeIDE.app/Contents/Eclipse/plugins/com.st.stm32cube.ide.mcu.externaltools.gnu-tools-for-stm32.13.3.rel1.macos64_1.0.0.202411102158/tools/bin/../lib/gcc/arm-none-eabi/13.3.1/../../../../arm-none-eabi/lib/thumb/v7e-m+dp/hard/libc_nano.a(libc_a-lock.o)
                0x240019d1                __lock___sfp_recursive_mutex
 *fill*         0x240019d2        0x2 
 .bss.__malloc_sbrk_start
                0x240019d4        0x4 /Applications/STM32CubeIDE.app/Contents/Eclipse/plugins/com.st.stm32cube.ide.mcu.externaltools.gnu-tools-for-stm32.13.3.rel1.macos64_1.0.0.202411102158/tools/bin/../lib/gcc/arm-none-eabi/13.3.1/../../../../arm-none-eabi/lib/thumb/v7e-m+dp/hard/libc_nano.a(libc_a-mallocr.o)
                0x240019d4                __malloc_sbrk_start
 .bss.__malloc_free_list
                0x240019d8        0x4 /Applications/STM32CubeIDE.app/Contents/Eclipse/plugins/com.st.stm32cube.ide.mcu.externaltools.gnu-tools-for-stm32.13.3.rel1.macos64_1.0.0.202411102158/tools/bin/../lib/gcc/arm-none-eabi/13.3.1/../../../../arm-none-eabi/lib/thumb/v7e-m+dp/hard/libc_nano.a(libc_a-mallocr.o)
                0x240019d8                __malloc_free_list
 .bss.errno     0x240019dc        0x4 /Applications/STM32CubeIDE.app/Contents/Eclipse/plugins/com.st.stm32cube.ide.mcu.externaltools.gnu-tools-for-stm32.13.3.rel1.macos64_1.0.0.202411102158/tools/bin/../lib/gcc/arm-none-eabi/13.3.1/../../../../arm-none-eabi/lib/thumb/v7e-m+dp/hard/libc_nano.a(libc_a-reent.o)
                0x240019dc                errno
 *(COMMON)
                0x240019e0                        . = ALIGN (0x4)
                0x240019e0                        _ebss = .
                0x240019e0                        __bss_end__ = _ebss

._user_heap_stack
                0x240019e0      0x600 load address 0x0800d338
                0x240019e0                        . = ALIGN (0x8)
                [!provide]                        PROVIDE (end = .)
                0x240019e0                        PROVIDE (_end = .)
                0x24001be0                        . = (. + _Min_Heap_Size)
 *fill*         0x240019e0      0x200 
                0x24001fe0                        . = (. + _Min_Stack_Size)
 *fill*         0x24001be0      0x400 
                0x24001fe0                        . = ALIGN (0x8)

/DISCARD/
 libc.a(*)
 libm.a(*)
 libgcc.a(*)

.ARM.attributes
                0x00000000       0x2e
 *(.ARM.attributes)
 .ARM.attributes
                0x00000000       0x20 /Applications/STM32CubeIDE.app/Contents/Eclipse/plugins/com.st.stm32cube.ide.mcu.externaltools.gnu-tools-for-stm32.13.3.rel1.macos64_1.0.0.202411102158/tools/bin/../lib/gcc/arm-none-eabi/13.3.1/thumb/v7e-m+dp/hard/crti.o
 .ARM.attributes